Archive member included to satisfy reference by file (symbol)

.\CortexM0\ARM_GCC_541\Debug\SECURITY_MODULE.a(DB_UART.o)
                              .\CortexM0\ARM_GCC_541\Debug\main.o (DB_UART_Start)
.\CortexM0\ARM_GCC_541\Debug\SECURITY_MODULE.a(DB_UART_SPI_UART.o)
                              .\CortexM0\ARM_GCC_541\Debug\usbserialprotocol.o (DB_UART_SpiUartGetRxBufferSize)
.\CortexM0\ARM_GCC_541\Debug\SECURITY_MODULE.a(DB_UART_UART.o)
                              .\CortexM0\ARM_GCC_541\Debug\SECURITY_MODULE.a(DB_UART.o) (DB_UART_UartInit)
.\CortexM0\ARM_GCC_541\Debug\SECURITY_MODULE.a(PIGGY_BANK.o)
                              .\CortexM0\ARM_GCC_541\Debug\main.o (PIGGY_BANK_Start)
.\CortexM0\ARM_GCC_541\Debug\SECURITY_MODULE.a(Reset_isr.o)
                              .\CortexM0\ARM_GCC_541\Debug\main.o (Reset_isr_StartEx)
.\CortexM0\ARM_GCC_541\Debug\SECURITY_MODULE.a(SW1.o)
                              .\CortexM0\ARM_GCC_541\Debug\main.o (SW1_ClearInterrupt)
.\CortexM0\ARM_GCC_541\Debug\SECURITY_MODULE.a(CyFlash.o)
                              .\CortexM0\ARM_GCC_541\Debug\SECURITY_MODULE.a(PIGGY_BANK.o) (CySysFlashWriteRow)
.\CortexM0\ARM_GCC_541\Debug\SECURITY_MODULE.a(CyLib.o)
                              .\CortexM0\ARM_GCC_541\Debug\cyfitter_cfg.o (CyIntEnable)
.\CortexM0\ARM_GCC_541\Debug\SECURITY_MODULE.a(CyLFClk.o)
                              .\CortexM0\ARM_GCC_541\Debug\cyfitter_cfg.o (CySysWdtIsr)
.\CortexM0\ARM_GCC_541\Debug\SECURITY_MODULE.a(CyBootAsmGnu.o)
                              .\CortexM0\ARM_GCC_541\Debug\SECURITY_MODULE.a(CyLib.o) (CyDelayCycles)
.\CortexM0\ARM_GCC_541\Debug\SECURITY_MODULE.a(DB_UART_SPI_UART_INT.o)
                              .\CortexM0\ARM_GCC_541\Debug\SECURITY_MODULE.a(DB_UART_UART.o) (DB_UART_SPI_UART_ISR)
..\..\2018-ectf-milestones-demo\Milestones Demo Workspace\strong-arm.cylib\CortexM0\ARM_GCC_541\Debug\strong-arm.a(hmac.o)
                              .\CortexM0\ARM_GCC_541\Debug\main.o (HMAC)
..\..\2018-ectf-milestones-demo\Milestones Demo Workspace\strong-arm.cylib\CortexM0\ARM_GCC_541\Debug\strong-arm.a(aes256.o)
                              .\CortexM0\ARM_GCC_541\Debug\main.o (aes256_crypt_ctr)
..\..\2018-ectf-milestones-demo\Milestones Demo Workspace\strong-arm.cylib\CortexM0\ARM_GCC_541\Debug\strong-arm.a(sha256.o)
                              ..\..\2018-ectf-milestones-demo\Milestones Demo Workspace\strong-arm.cylib\CortexM0\ARM_GCC_541\Debug\strong-arm.a(hmac.o) (SHA256)
c:/program files (x86)/cypress/psoc creator/4.1/psoc creator/import/gnu/arm/5.4.1/bin/../lib/gcc/arm-none-eabi/5.4.1/armv6-m\libgcc.a(_udivsi3.o)
                              .\CortexM0\ARM_GCC_541\Debug\SECURITY_MODULE.a(CyLib.o) (__aeabi_uidiv)
c:/program files (x86)/cypress/psoc creator/4.1/psoc creator/import/gnu/arm/5.4.1/bin/../lib/gcc/arm-none-eabi/5.4.1/armv6-m\libgcc.a(_dvmd_tls.o)
                              c:/program files (x86)/cypress/psoc creator/4.1/psoc creator/import/gnu/arm/5.4.1/bin/../lib/gcc/arm-none-eabi/5.4.1/armv6-m\libgcc.a(_udivsi3.o) (__aeabi_idiv0)
c:/program files (x86)/cypress/psoc creator/4.1/psoc creator/import/gnu/arm/5.4.1/bin/../lib/gcc/arm-none-eabi/5.4.1/../../../../arm-none-eabi/lib/armv6-m\libg_nano.a(lib_a-errno.o)
                              .\CortexM0\ARM_GCC_541\Debug\Cm0Start.o (__errno)
c:/program files (x86)/cypress/psoc creator/4.1/psoc creator/import/gnu/arm/5.4.1/bin/../lib/gcc/arm-none-eabi/5.4.1/../../../../arm-none-eabi/lib/armv6-m\libg_nano.a(lib_a-exit.o)
                              c:/program files (x86)/cypress/psoc creator/4.1/psoc creator/import/gnu/arm/5.4.1/bin/../lib/gcc/arm-none-eabi/5.4.1/../../../../arm-none-eabi/lib/armv6-m/crt0.o (exit)
c:/program files (x86)/cypress/psoc creator/4.1/psoc creator/import/gnu/arm/5.4.1/bin/../lib/gcc/arm-none-eabi/5.4.1/../../../../arm-none-eabi/lib/armv6-m\libg_nano.a(lib_a-impure.o)
                              c:/program files (x86)/cypress/psoc creator/4.1/psoc creator/import/gnu/arm/5.4.1/bin/../lib/gcc/arm-none-eabi/5.4.1/../../../../arm-none-eabi/lib/armv6-m\libg_nano.a(lib_a-exit.o) (_global_impure_ptr)
c:/program files (x86)/cypress/psoc creator/4.1/psoc creator/import/gnu/arm/5.4.1/bin/../lib/gcc/arm-none-eabi/5.4.1/../../../../arm-none-eabi/lib/armv6-m\libg_nano.a(lib_a-init.o)
                              c:/program files (x86)/cypress/psoc creator/4.1/psoc creator/import/gnu/arm/5.4.1/bin/../lib/gcc/arm-none-eabi/5.4.1/../../../../arm-none-eabi/lib/armv6-m/crt0.o (__libc_init_array)
c:/program files (x86)/cypress/psoc creator/4.1/psoc creator/import/gnu/arm/5.4.1/bin/../lib/gcc/arm-none-eabi/5.4.1/../../../../arm-none-eabi/lib/armv6-m\libg_nano.a(lib_a-memcpy-stub.o)
                              .\CortexM0\ARM_GCC_541\Debug\main.o (memcpy)
[...]
Memory Configuration

Name             Origin             Length             Attributes
rom              0x00000000         0x00008000         xr
ram              0x20000000         0x00001000         xrw
*default*        0x00000000         0xffffffff

Linker script and memory map

LOAD c:/program files (x86)/cypress/psoc creator/4.1/psoc creator/import/gnu/arm/5.4.1/bin/../lib/gcc/arm-none-eabi/5.4.1/armv6-m/crti.o
LOAD c:/program files (x86)/cypress/psoc creator/4.1/psoc creator/import/gnu/arm/5.4.1/bin/../lib/gcc/arm-none-eabi/5.4.1/armv6-m/crtbegin.o
LOAD c:/program files (x86)/cypress/psoc creator/4.1/psoc creator/import/gnu/arm/5.4.1/bin/../lib/gcc/arm-none-eabi/5.4.1/../../../../arm-none-eabi/lib/armv6-m/crt0.o
START GROUP
LOAD .\CortexM0\ARM_GCC_541\Debug\main.o
LOAD .\CortexM0\ARM_GCC_541\Debug\usbserialprotocol.o
LOAD .\CortexM0\ARM_GCC_541\Debug\cyfitter_cfg.o
LOAD .\CortexM0\ARM_GCC_541\Debug\cymetadata.o
LOAD .\CortexM0\ARM_GCC_541\Debug\Cm0Start.o
LOAD .\CortexM0\ARM_GCC_541\Debug\SECURITY_MODULE.a
LOAD ..\..\2018-ectf-milestones-demo\Milestones Demo Workspace\strong-arm.cylib\CortexM0\ARM_GCC_541\Debug\strong-arm.a
LOAD C:\Program Files (x86)\Cypress\PSoC Creator\4.1\PSoC Creator\psoc\content\cycomponentlibrary\CyComponentLibrary.cylib\CortexM0\ARM_GCC_541\Debug\CyComponentLibrary.a
END GROUP
START GROUP
LOAD c:/program files (x86)/cypress/psoc creator/4.1/psoc creator/import/gnu/arm/5.4.1/bin/../lib/gcc/arm-none-eabi/5.4.1/armv6-m\libgcc.a
LOAD c:/program files (x86)/cypress/psoc creator/4.1/psoc creator/import/gnu/arm/5.4.1/bin/../lib/gcc/arm-none-eabi/5.4.1/../../../../arm-none-eabi/lib/armv6-m\libg_nano.a
LOAD c:/program files (x86)/cypress/psoc creator/4.1/psoc creator/import/gnu/arm/5.4.1/bin/../lib/gcc/arm-none-eabi/5.4.1/../../../../arm-none-eabi/lib/armv6-m\libc_nano.a
END GROUP
START GROUP
LOAD c:/program files (x86)/cypress/psoc creator/4.1/psoc creator/import/gnu/arm/5.4.1/bin/../lib/gcc/arm-none-eabi/5.4.1/armv6-m\libgcc.a
LOAD c:/program files (x86)/cypress/psoc creator/4.1/psoc creator/import/gnu/arm/5.4.1/bin/../lib/gcc/arm-none-eabi/5.4.1/../../../../arm-none-eabi/lib/armv6-m\libc_nano.a
END GROUP
LOAD c:/program files (x86)/cypress/psoc creator/4.1/psoc creator/import/gnu/arm/5.4.1/bin/../lib/gcc/arm-none-eabi/5.4.1/armv6-m/crtend.o
LOAD c:/program files (x86)/cypress/psoc creator/4.1/psoc creator/import/gnu/arm/5.4.1/bin/../lib/gcc/arm-none-eabi/5.4.1/armv6-m/crtn.o
START GROUP
LOAD c:/program files (x86)/cypress/psoc creator/4.1/psoc creator/import/gnu/arm/5.4.1/bin/../lib/gcc/arm-none-eabi/5.4.1/armv6-m\libgcc.a
LOAD c:/program files (x86)/cypress/psoc creator/4.1/psoc creator/import/gnu/arm/5.4.1/bin/../lib/gcc/arm-none-eabi/5.4.1/../../../../arm-none-eabi/lib/armv6-m\libc.a
LOAD c:/program files (x86)/cypress/psoc creator/4.1/psoc creator/import/gnu/arm/5.4.1/bin/../lib/gcc/arm-none-eabi/5.4.1/../../../../arm-none-eabi/lib/armv6-m\libnosys.a
END GROUP
                0x00000000                CY_APPL_ORIGIN = 0x0
                0x00000080                CY_FLASH_ROW_SIZE = 0x80
                0x00000001                CY_APPL_NUM = 0x1
                0x00000001                CY_APPL_MAX = 0x1
                0x00000040                CY_METADATA_SIZE = 0x40
                0x00000000                CY_APPL_LOADABLE = 0x0
                0x00000000                CY_CHECKSUM_EXCLUDE_SIZE = ALIGN (0x0, CY_FLASH_ROW_SIZE)
                0x00000000                CY_APP_FOR_STACK_AND_COPIER = 0x0
                [!provide]                PROVIDE (__cy_heap_start, _end)
                0x00000001                PROVIDE (__cy_region_num, ((__cy_regions_end - __cy_regions) / 0x10))
                0x20001000                PROVIDE (__cy_stack, (ORIGIN (ram) + LENGTH (ram)))
                [!provide]                PROVIDE (__cy_heap_end, (__cy_stack - 0x400))

.cybootloader   0x00000000        0x0
 *(.cybootloader)
                0x00000000                appl1_start = CY_APPL_ORIGIN?CY_APPL_ORIGIN:ALIGN (CY_FLASH_ROW_SIZE)
                0x00003f80                appl2_start = (appl1_start + ALIGN ((((LENGTH (rom) - appl1_start) - (0x2 * CY_FLASH_ROW_SIZE)) / 0x2), CY_FLASH_ROW_SIZE))
                0x00000000                appl_start = (CY_APPL_NUM == 0x1)?appl1_start:appl2_start
                0x00000001                cy_project_type_bootloader = (appl_start == 0x0)?0x1:0x0
                0x00000000                cy_project_type_app_for_stack_and_copier = (CY_APP_FOR_STACK_AND_COPIER == 0x1)?0x1:0x0

.text           0x00000000     0x1ee8
 CREATE_OBJECT_SYMBOLS
                0x00000000                PROVIDE (__cy_interrupt_vector, RomVectors)
 *(.romvectors)
 .romvectors    0x00000000       0x10 .\CortexM0\ARM_GCC_541\Debug\Cm0Start.o
                0x00000000                RomVectors
                0x00000001                ASSERT ((. != __cy_interrupt_vector), No interrupt vector)
                0x00000001                ASSERT (CY_APPL_ORIGIN?(SIZEOF (.cybootloader) <= CY_APPL_ORIGIN):0x1, Wrong image location)
                0x00000010                PROVIDE (__cy_reset, Reset)
 *(.text.Reset)
 .text.Reset    0x00000010        0x8 .\CortexM0\ARM_GCC_541\Debug\Cm0Start.o
                0x00000010                Reset
                0x00000001                ASSERT ((. != __cy_reset), No reset code)
 *(.psocinit)
 .psocinit      0x00000018      0x1d4 .\CortexM0\ARM_GCC_541\Debug\cyfitter_cfg.o
                0x000000a8                cyfitter_cfg
                0x000001ec                . = MAX (., 0x100)
 *(.text .text.* .gnu.linkonce.t.*)
 .text          0x000001ec       0x60 c:/program files (x86)/cypress/psoc creator/4.1/psoc creator/import/gnu/arm/5.4.1/bin/../lib/gcc/arm-none-eabi/5.4.1/armv6-m/crtbegin.o
 .text.Reset_ISR
                0x0000024c       0x18 .\CortexM0\ARM_GCC_541\Debug\main.o
                0x0000024c                Reset_ISR
 .text.hex2byte
                0x00000264       0x6c .\CortexM0\ARM_GCC_541\Debug\main.o
                0x00000264                hex2byte
 .text.check_hmac
                0x000002d0       0x1c .\CortexM0\ARM_GCC_541\Debug\main.o
                0x000002d0                check_hmac
 .text.provision
                0x000002ec       0xec .\CortexM0\ARM_GCC_541\Debug\main.o
                0x000002ec                provision
 .text.dispenseBill
                0x000003d8       0x5c .\CortexM0\ARM_GCC_541\Debug\main.o
                0x000003d8                dispenseBill
 .text.update_nonce
                0x00000434       0x20 .\CortexM0\ARM_GCC_541\Debug\main.o
                0x00000434                update_nonce
 .text.main     0x00000454      0x224 .\CortexM0\ARM_GCC_541\Debug\main.o
                0x00000454                main
 .text.getValidByte
                0x00000678       0x14 .\CortexM0\ARM_GCC_541\Debug\usbserialprotocol.o
                0x00000678                getValidByte
 .text.pushMessage
                0x0000068c       0x20 .\CortexM0\ARM_GCC_541\Debug\usbserialprotocol.o
                0x0000068c                pushMessage
 .text.pullMessage
                0x000006ac       0x28 .\CortexM0\ARM_GCC_541\Debug\usbserialprotocol.o
                0x000006ac                pullMessage
 .text.syncConnection
                0x000006d4       0x74 .\CortexM0\ARM_GCC_541\Debug\usbserialprotocol.o
                0x000006d4                syncConnection
 .text.cfg_write_bytes32
                0x00000748       0x34 .\CortexM0\ARM_GCC_541\Debug\cyfitter_cfg.o
 .text.CYMEMZERO
                0x0000077c        0xc .\CortexM0\ARM_GCC_541\Debug\cyfitter_cfg.o
 .text.IntDefaultHandler
                0x00000788       0x10 .\CortexM0\ARM_GCC_541\Debug\Cm0Start.o
                0x00000788                IntDefaultHandler
 .text._sbrk    0x00000798       0x34 .\CortexM0\ARM_GCC_541\Debug\Cm0Start.o
                0x00000798                _sbrk
 .text.Start_c  0x000007cc       0x48 .\CortexM0\ARM_GCC_541\Debug\Cm0Start.o
                0x000007cc                Start_c
 .text.initialize_psoc
                0x00000814       0x40 .\CortexM0\ARM_GCC_541\Debug\Cm0Start.o
                0x00000814                initialize_psoc
 .text.DB_UART_ScbEnableIntr
                0x00000854        0xc .\CortexM0\ARM_GCC_541\Debug\SECURITY_MODULE.a(DB_UART.o)
 .text.DB_UART_ScbModePostEnable
                0x00000860        0x8 .\CortexM0\ARM_GCC_541\Debug\SECURITY_MODULE.a(DB_UART.o)
 .text.DB_UART_Init
                0x00000868        0x8 .\CortexM0\ARM_GCC_541\Debug\SECURITY_MODULE.a(DB_UART.o)
                0x00000868                DB_UART_Init
 .text.DB_UART_Enable
                0x00000870       0x1c .\CortexM0\ARM_GCC_541\Debug\SECURITY_MODULE.a(DB_UART.o)
                0x00000870                DB_UART_Enable
 .text.DB_UART_Start
                0x0000088c       0x20 .\CortexM0\ARM_GCC_541\Debug\SECURITY_MODULE.a(DB_UART.o)
                0x0000088c                DB_UART_Start
 .text.DB_UART_SpiUartReadRxData
                0x000008ac       0x34 .\CortexM0\ARM_GCC_541\Debug\SECURITY_MODULE.a(DB_UART_SPI_UART.o)
                0x000008ac                DB_UART_SpiUartReadRxData
 .text.DB_UART_SpiUartGetRxBufferSize
                0x000008e0       0x28 .\CortexM0\ARM_GCC_541\Debug\SECURITY_MODULE.a(DB_UART_SPI_UART.o)
                0x000008e0                DB_UART_SpiUartGetRxBufferSize
 .text.DB_UART_SpiUartWriteTxData
                0x00000908       0x70 .\CortexM0\ARM_GCC_541\Debug\SECURITY_MODULE.a(DB_UART_SPI_UART.o)
                0x00000908                DB_UART_SpiUartWriteTxData
 .text.DB_UART_UartInit
                0x00000978       0xdc .\CortexM0\ARM_GCC_541\Debug\SECURITY_MODULE.a(DB_UART_UART.o)
                0x00000978                DB_UART_UartInit
 .text.DB_UART_UartPostEnable
                0x00000a54       0x24 .\CortexM0\ARM_GCC_541\Debug\SECURITY_MODULE.a(DB_UART_UART.o)
                0x00000a54                DB_UART_UartPostEnable
 .text.DB_UART_UartGetByte
                0x00000a78       0x4c .\CortexM0\ARM_GCC_541\Debug\SECURITY_MODULE.a(DB_UART_UART.o)
                0x00000a78                DB_UART_UartGetByte
 .text.PIGGY_BANK_Start
                0x00000ac4        0x4 .\CortexM0\ARM_GCC_541\Debug\SECURITY_MODULE.a(PIGGY_BANK.o)
                0x00000ac4                PIGGY_BANK_Start
 .text.PIGGY_BANK_Write
                0x00000ac8       0x84 .\CortexM0\ARM_GCC_541\Debug\SECURITY_MODULE.a(PIGGY_BANK.o)
                0x00000ac8                PIGGY_BANK_Write
 .text.Reset_isr_SetVector
                0x00000b4c        0xc .\CortexM0\ARM_GCC_541\Debug\SECURITY_MODULE.a(Reset_isr.o)
                0x00000b4c                Reset_isr_SetVector
 .text.Reset_isr_SetPriority
                0x00000b58       0x20 .\CortexM0\ARM_GCC_541\Debug\SECURITY_MODULE.a(Reset_isr.o)
                0x00000b58                Reset_isr_SetPriority
 .text.Reset_isr_Enable
                0x00000b78        0xc .\CortexM0\ARM_GCC_541\Debug\SECURITY_MODULE.a(Reset_isr.o)
                0x00000b78                Reset_isr_Enable
 .text.Reset_isr_Disable
                0x00000b84        0xc .\CortexM0\ARM_GCC_541\Debug\SECURITY_MODULE.a(Reset_isr.o)
                0x00000b84                Reset_isr_Disable
 .text.Reset_isr_StartEx
                0x00000b90       0x1c .\CortexM0\ARM_GCC_541\Debug\SECURITY_MODULE.a(Reset_isr.o)
                0x00000b90                Reset_isr_StartEx
 .text.SW1_ClearInterrupt
                0x00000bac       0x14 .\CortexM0\ARM_GCC_541\Debug\SECURITY_MODULE.a(SW1.o)
                0x00000bac                SW1_ClearInterrupt
 .text.CySysFlashClockBackup
                0x00000bc0       0x14 .\CortexM0\ARM_GCC_541\Debug\SECURITY_MODULE.a(CyFlash.o)
 .text.CySysFlashClockRestore
                0x00000bd4       0x14 .\CortexM0\ARM_GCC_541\Debug\SECURITY_MODULE.a(CyFlash.o)
 .text.CySysFlashWriteRow
                0x00000be8      0x208 .\CortexM0\ARM_GCC_541\Debug\SECURITY_MODULE.a(CyFlash.o)
                0x00000be8                CySysFlashWriteRow
 .text.CyIntEnable
                0x00000df0       0x14 .\CortexM0\ARM_GCC_541\Debug\SECURITY_MODULE.a(CyLib.o)
                0x00000df0                CyIntEnable
 .text.CyIntDisable
                0x00000e04       0x14 .\CortexM0\ARM_GCC_541\Debug\SECURITY_MODULE.a(CyLib.o)
                0x00000e04                CyIntDisable
 .text.CyHalt   0x00000e18        0x4 .\CortexM0\ARM_GCC_541\Debug\SECURITY_MODULE.a(CyLib.o)
                0x00000e18                CyHalt
 .text.CyIntSetVector
                0x00000e1c       0x24 .\CortexM0\ARM_GCC_541\Debug\SECURITY_MODULE.a(CyLib.o)
                0x00000e1c                CyIntSetVector
 .text.CyIntSetPriority
                0x00000e40       0x4c .\CortexM0\ARM_GCC_541\Debug\SECURITY_MODULE.a(CyLib.o)
                0x00000e40                CyIntSetPriority
 .text.CySoftwareReset
                0x00000e8c       0x18 .\CortexM0\ARM_GCC_541\Debug\SECURITY_MODULE.a(CyLib.o)
                0x00000e8c                CySoftwareReset
 .text.CyDelayUs
                0x00000ea4       0x14 .\CortexM0\ARM_GCC_541\Debug\SECURITY_MODULE.a(CyLib.o)
                0x00000ea4                CyDelayUs
 .text.CySysClkWriteImoFreq
                0x00000eb8      0x164 .\CortexM0\ARM_GCC_541\Debug\SECURITY_MODULE.a(CyLib.o)
                0x00000eb8                CySysClkWriteImoFreq
 .text.CyGetUniqueId
                0x0000101c       0x70 .\CortexM0\ARM_GCC_541\Debug\SECURITY_MODULE.a(CyLib.o)
                0x0000101c                CyGetUniqueId
 .text.CySysWdtLocked
                0x0000108c       0x14 .\CortexM0\ARM_GCC_541\Debug\SECURITY_MODULE.a(CyLFClk.o)
 .text.CySysWdtLock
                0x000010a0       0x1c .\CortexM0\ARM_GCC_541\Debug\SECURITY_MODULE.a(CyLFClk.o)
                0x000010a0                CySysWdtLock
 .text.CySysWdtUnlock
                0x000010bc       0x30 .\CortexM0\ARM_GCC_541\Debug\SECURITY_MODULE.a(CyLFClk.o)
                0x000010bc                CySysWdtUnlock
 .text.CySysWdtClearInterrupt
                0x000010ec       0x4c .\CortexM0\ARM_GCC_541\Debug\SECURITY_MODULE.a(CyLFClk.o)
                0x000010ec                CySysWdtClearInterrupt
 .text.CySysWdtIsr
                0x00001138       0xa4 .\CortexM0\ARM_GCC_541\Debug\SECURITY_MODULE.a(CyLFClk.o)
                0x00001138                CySysWdtIsr
 *fill*         0x000011dc        0x4 
 .text          0x000011e0       0x24 .\CortexM0\ARM_GCC_541\Debug\SECURITY_MODULE.a(CyBootAsmGnu.o)
                0x000011e0                CyDelayCycles
                0x000011f4                CyEnterCriticalSection
                0x000011fc                CyExitCriticalSection
 .text.DB_UART_SPI_UART_ISR
                0x00001204       0xe4 .\CortexM0\ARM_GCC_541\Debug\SECURITY_MODULE.a(DB_UART_SPI_UART_INT.o)
                0x00001204                DB_UART_SPI_UART_ISR
 .text.HMAC_partial
                0x000012e8       0xc4 ..\..\2018-ectf-milestones-demo\Milestones Demo Workspace\strong-arm.cylib\CortexM0\ARM_GCC_541\Debug\strong-arm.a(hmac.o)
                0x000012e8                HMAC_partial
 .text.HMAC     0x000013ac       0x20 ..\..\2018-ectf-milestones-demo\Milestones Demo Workspace\strong-arm.cylib\CortexM0\ARM_GCC_541\Debug\strong-arm.a(hmac.o)
                0x000013ac                HMAC
 .text.setup_mix
                0x000013cc       0x48 ..\..\2018-ectf-milestones-demo\Milestones Demo Workspace\strong-arm.cylib\CortexM0\ARM_GCC_541\Debug\strong-arm.a(aes256.o)
 .text.final_mix
                0x00001414       0x38 ..\..\2018-ectf-milestones-demo\Milestones Demo Workspace\strong-arm.cylib\CortexM0\ARM_GCC_541\Debug\strong-arm.a(aes256.o)
 .text.load_big_endian
                0x0000144c       0x18 ..\..\2018-ectf-milestones-demo\Milestones Demo Workspace\strong-arm.cylib\CortexM0\ARM_GCC_541\Debug\strong-arm.a(aes256.o)
 .text.save_big_endian
                0x00001464       0x10 ..\..\2018-ectf-milestones-demo\Milestones Demo Workspace\strong-arm.cylib\CortexM0\ARM_GCC_541\Debug\strong-arm.a(aes256.o)
 .text.increment_counter
                0x00001474       0x1c ..\..\2018-ectf-milestones-demo\Milestones Demo Workspace\strong-arm.cylib\CortexM0\ARM_GCC_541\Debug\strong-arm.a(aes256.o)
 .text.aes256_encrypt_block
                0x00001490      0x340 ..\..\2018-ectf-milestones-demo\Milestones Demo Workspace\strong-arm.cylib\CortexM0\ARM_GCC_541\Debug\strong-arm.a(aes256.o)
                0x00001490                aes256_encrypt_block
 .text.aes256_crypt_ctr
                0x000017d0       0x78 ..\..\2018-ectf-milestones-demo\Milestones Demo Workspace\strong-arm.cylib\CortexM0\ARM_GCC_541\Debug\strong-arm.a(aes256.o)
                0x000017d0                aes256_crypt_ctr
 .text.compress
                0x00001848      0x190 ..\..\2018-ectf-milestones-demo\Milestones Demo Workspace\strong-arm.cylib\CortexM0\ARM_GCC_541\Debug\strong-arm.a(sha256.o)
 .text.SHA256   0x000019d8      0x104 ..\..\2018-ectf-milestones-demo\Milestones Demo Workspace\strong-arm.cylib\CortexM0\ARM_GCC_541\Debug\strong-arm.a(sha256.o)
                0x000019d8                SHA256
 .text.SHA256_partial
                0x00001adc      0x11c ..\..\2018-ectf-milestones-demo\Milestones Demo Workspace\strong-arm.cylib\CortexM0\ARM_GCC_541\Debug\strong-arm.a(sha256.o)
                0x00001adc                SHA256_partial
 .text.__errno  0x00001bf8        0xc c:/program files (x86)/cypress/psoc creator/4.1/psoc creator/import/gnu/arm/5.4.1/bin/../lib/gcc/arm-none-eabi/5.4.1/../../../../arm-none-eabi/lib/armv6-m\libg_nano.a(lib_a-errno.o)
                0x00001bf8                __errno
 .text.__libc_init_array
                0x00001c04       0x4c c:/program files (x86)/cypress/psoc creator/4.1/psoc creator/import/gnu/arm/5.4.1/bin/../lib/gcc/arm-none-eabi/5.4.1/../../../../arm-none-eabi/lib/armv6-m\libg_nano.a(lib_a-init.o)
                0x00001c04                __libc_init_array
 .text.memcpy   0x00001c50       0x12 c:/program files (x86)/cypress/psoc creator/4.1/psoc creator/import/gnu/arm/5.4.1/bin/../lib/gcc/arm-none-eabi/5.4.1/../../../../arm-none-eabi/lib/armv6-m\libg_nano.a(lib_a-memcpy-stub.o)
                0x00001c50                memcpy
 .text.memmove  0x00001c62       0x2a c:/program files (x86)/cypress/psoc creator/4.1/psoc creator/import/gnu/arm/5.4.1/bin/../lib/gcc/arm-none-eabi/5.4.1/../../../../arm-none-eabi/lib/armv6-m\libg_nano.a(lib_a-memmove.o)
                0x00001c62                memmove
 .text.memset   0x00001c8c       0x10 c:/program files (x86)/cypress/psoc creator/4.1/psoc creator/import/gnu/arm/5.4.1/bin/../lib/gcc/arm-none-eabi/5.4.1/../../../../arm-none-eabi/lib/armv6-m\libg_nano.a(lib_a-memset.o)
                0x00001c8c                memset
 .text.srand    0x00001c9c       0x5c c:/program files (x86)/cypress/psoc creator/4.1/psoc creator/import/gnu/arm/5.4.1/bin/../lib/gcc/arm-none-eabi/5.4.1/../../../../arm-none-eabi/lib/armv6-m\libg_nano.a(lib_a-rand.o)
                0x00001c9c                srand
 .text.rand     0x00001cf8       0x78 c:/program files (x86)/cypress/psoc creator/4.1/psoc creator/import/gnu/arm/5.4.1/bin/../lib/gcc/arm-none-eabi/5.4.1/../../../../arm-none-eabi/lib/armv6-m\libg_nano.a(lib_a-rand.o)
                0x00001cf8                rand
 .text          0x00001d70       0x14 c:/program files (x86)/cypress/psoc creator/4.1/psoc creator/import/gnu/arm/5.4.1/bin/../lib/gcc/arm-none-eabi/5.4.1/../../../../arm-none-eabi/lib/armv6-m\libg_nano.a(lib_a-strcmp.o)
                0x00001d70                strcmp
 .text          0x00001d84        0xe c:/program files (x86)/cypress/psoc creator/4.1/psoc creator/import/gnu/arm/5.4.1/bin/../lib/gcc/arm-none-eabi/5.4.1/../../../../arm-none-eabi/lib/armv6-m\libg_nano.a(lib_a-strlen.o)
                0x00001d84                strlen
 *fill*         0x00001d92        0x2 
 .text.malloc   0x00001d94       0x14 c:/program files (x86)/cypress/psoc creator/4.1/psoc creator/import/gnu/arm/5.4.1/bin/../lib/gcc/arm-none-eabi/5.4.1/../../../../arm-none-eabi/lib/armv6-m\libg_nano.a(lib_a-malloc.o)
                0x00001d94                malloc
 .text._malloc_r
                0x00001da8       0xc0 c:/program files (x86)/cypress/psoc creator/4.1/psoc creator/import/gnu/arm/5.4.1/bin/../lib/gcc/arm-none-eabi/5.4.1/../../../../arm-none-eabi/lib/armv6-m\libg_nano.a(lib_a-nano-mallocr.o)
                0x00001da8                _malloc_r
 .text._sbrk_r  0x00001e68       0x24 c:/program files (x86)/cypress/psoc creator/4.1/psoc creator/import/gnu/arm/5.4.1/bin/../lib/gcc/arm-none-eabi/5.4.1/../../../../arm-none-eabi/lib/armv6-m\libg_nano.a(lib_a-sbrkr.o)
                0x00001e68                _sbrk_r
 .text.__malloc_lock
                0x00001e8c        0x2 c:/program files (x86)/cypress/psoc creator/4.1/psoc creator/import/gnu/arm/5.4.1/bin/../lib/gcc/arm-none-eabi/5.4.1/../../../../arm-none-eabi/lib/armv6-m\libg_nano.a(lib_a-mlock.o)
                0x00001e8c                __malloc_lock
 .text.__malloc_unlock
                0x00001e8e        0x2 c:/program files (x86)/cypress/psoc creator/4.1/psoc creator/import/gnu/arm/5.4.1/bin/../lib/gcc/arm-none-eabi/5.4.1/../../../../arm-none-eabi/lib/armv6-m\libg_nano.a(lib_a-mlock.o)
                0x00001e8e                __malloc_unlock
 .text          0x00001e90       0x58 c:/program files (x86)/cypress/psoc creator/4.1/psoc creator/import/gnu/arm/5.4.1/bin/../lib/gcc/arm-none-eabi/5.4.1/armv6-m\libgcc.a(_muldi3.o)
                0x00001e90                __muldi3
                0x00001e90                __aeabi_lmul
 *(.plt)
 *(.gnu.warning)
 *(.glue_7t)
 .glue_7t       0x00001ee8        0x0 linker stubs
 *(.glue_7)
 .glue_7        0x00001ee8        0x0 linker stubs
 *(.vfp11_veneer)
 .vfp11_veneer  0x00001ee8        0x0 linker stubs
 *(.bootloader)
 *(.ARM.extab* .gnu.linkonce.armextab.*)
 *(.gcc_except_table)

.v4_bx          0x00001ee8        0x0
 .v4_bx         0x00001ee8        0x0 linker stubs

.iplt           0x00001ee8        0x0
 .iplt          0x00001ee8        0x0 c:/program files (x86)/cypress/psoc creator/4.1/psoc creator/import/gnu/arm/5.4.1/bin/../lib/gcc/arm-none-eabi/5.4.1/armv6-m/crtbegin.o

.eh_frame_hdr
 *(.eh_frame_hdr)

.eh_frame       0x00001ee8        0x4
 *(.eh_frame)
 .eh_frame      0x00001ee8        0x0 c:/program files (x86)/cypress/psoc creator/4.1/psoc creator/import/gnu/arm/5.4.1/bin/../lib/gcc/arm-none-eabi/5.4.1/armv6-m/crtbegin.o
 .eh_frame      0x00001ee8        0x4 c:/program files (x86)/cypress/psoc creator/4.1/psoc creator/import/gnu/arm/5.4.1/bin/../lib/gcc/arm-none-eabi/5.4.1/armv6-m/crtend.o
                [!provide]                PROVIDE (__exidx_start, .)

.ARM.exidx
 *(.ARM.exidx* .gnu.linkonce.armexidx.*)
                0x00001eec                __exidx_end = .

.rodata         0x00001eec     0x157c
 *(.rodata .rodata.* .gnu.linkonce.r.*)
 .rodata        0x00001eec      0x859 .\CortexM0\ARM_GCC_541\Debug\main.o
 *fill*         0x00002745        0x3 
 .rodata.str1.4
                0x00002748       0x30 .\CortexM0\ARM_GCC_541\Debug\main.o
 .rodata.str1.4
                0x00002778       0x1c .\CortexM0\ARM_GCC_541\Debug\usbserialprotocol.o
                                 0x1b (size before relaxing)
 .rodata        0x00002794      0x304 .\CortexM0\ARM_GCC_541\Debug\cyfitter_cfg.o
 .rodata        0x00002a98       0x2e .\CortexM0\ARM_GCC_541\Debug\SECURITY_MODULE.a(CyLib.o)
                0x00002a98                cyImoFreqMhz2Reg
 *fill*         0x00002ac6        0x2 
 .rodata        0x00002ac8      0x828 ..\..\2018-ectf-milestones-demo\Milestones Demo Workspace\strong-arm.cylib\CortexM0\ARM_GCC_541\Debug\strong-arm.a(aes256.o)
 .rodata        0x000032f0      0x140 ..\..\2018-ectf-milestones-demo\Milestones Demo Workspace\strong-arm.cylib\CortexM0\ARM_GCC_541\Debug\strong-arm.a(sha256.o)
 .rodata.str1.1
                0x00003430        0x2 c:/program files (x86)/cypress/psoc creator/4.1/psoc creator/import/gnu/arm/5.4.1/bin/../lib/gcc/arm-none-eabi/5.4.1/../../../../arm-none-eabi/lib/armv6-m\libg_nano.a(lib_a-impure.o)
                0x00003434                . = ALIGN (0x4)
 *fill*         0x00003432        0x2 
 *(.init)
 .init          0x00003434        0x4 c:/program files (x86)/cypress/psoc creator/4.1/psoc creator/import/gnu/arm/5.4.1/bin/../lib/gcc/arm-none-eabi/5.4.1/armv6-m/crti.o
                0x00003434                _init
 .init          0x00003438        0x8 c:/program files (x86)/cypress/psoc creator/4.1/psoc creator/import/gnu/arm/5.4.1/bin/../lib/gcc/arm-none-eabi/5.4.1/armv6-m/crtn.o
                0x00003440                . = ALIGN (0x4)
                0x00003440                __preinit_array_start = .
 *(.preinit_array)
                0x00003440                __preinit_array_end = .
                0x00003440                . = ALIGN (0x4)
                0x00003440                __init_array_start = .
 *(SORT(.init_array.*))
 *(.init_array)
 .init_array    0x00003440        0x4 c:/program files (x86)/cypress/psoc creator/4.1/psoc creator/import/gnu/arm/5.4.1/bin/../lib/gcc/arm-none-eabi/5.4.1/armv6-m/crtbegin.o
 .init_array    0x00003444        0x4 .\CortexM0\ARM_GCC_541\Debug\Cm0Start.o
                0x00003448                __init_array_end = .
                0x00003448                . = ALIGN (0x4)
 *(.fini)
 .fini          0x00003448        0x4 c:/program files (x86)/cypress/psoc creator/4.1/psoc creator/import/gnu/arm/5.4.1/bin/../lib/gcc/arm-none-eabi/5.4.1/armv6-m/crti.o
                0x00003448                _fini
 .fini          0x0000344c        0x8 c:/program files (x86)/cypress/psoc creator/4.1/psoc creator/import/gnu/arm/5.4.1/bin/../lib/gcc/arm-none-eabi/5.4.1/armv6-m/crtn.o
                0x00003454                . = ALIGN (0x4)
                0x00003454                __fini_array_start = .
 *(.fini_array)
 .fini_array    0x00003454        0x4 c:/program files (x86)/cypress/psoc creator/4.1/psoc creator/import/gnu/arm/5.4.1/bin/../lib/gcc/arm-none-eabi/5.4.1/armv6-m/crtbegin.o
 *(SORT(.fini_array.*))
                0x00003458                __fini_array_end = .
                0x00003458                . = ALIGN (0x4)
 *crtbegin.o(.ctors)
 *(EXCLUDE_FILE(*crtend.o) .ctors)
 *(SORT(.ctors.*))
 *crtend.o(.ctors)
                0x00003458                . = ALIGN (0x4)
 *crtbegin.o(.dtors)
 *(EXCLUDE_FILE(*crtend.o) .dtors)
 *(SORT(.dtors.*))
 *crtend.o(.dtors)
                0x00003458                . = ALIGN (0x4)
                0x00003458                __cy_regions = .
                0x00003458        0x4 LONG 0x3468 __cy_region_init_ram
                0x0000345c        0x4 LONG 0x200000c0 __cy_region_start_data
                0x00003460        0x4 LONG 0x88 __cy_region_init_size_ram
                0x00003464        0x4 LONG 0x178 __cy_region_zero_size_ram
                0x00003468                __cy_regions_end = .
                0x00003468                . = ALIGN (0x8)
                0x00003468                _etext = .

.cy_checksum_exclude
                0x00003468        0x0
 *(.cy_checksum_exclude)

.ramvectors     0x20000000       0xc0
                0x20000000                __cy_region_start_ram = .
 *(.ramvectors)
 .ramvectors    0x20000000       0xc0 .\CortexM0\ARM_GCC_541\Debug\Cm0Start.o
                0x20000000                CyRamVectors

.noinit
 *(.noinit)

.data           0x200000c0       0x88 load address 0x00003468
                0x200000c0                __cy_region_start_data = .
 *(.jcr)
 .jcr           0x200000c0        0x0 c:/program files (x86)/cypress/psoc creator/4.1/psoc creator/import/gnu/arm/5.4.1/bin/../lib/gcc/arm-none-eabi/5.4.1/armv6-m/crtbegin.o
 .jcr           0x200000c0        0x4 c:/program files (x86)/cypress/psoc creator/4.1/psoc creator/import/gnu/arm/5.4.1/bin/../lib/gcc/arm-none-eabi/5.4.1/armv6-m/crtend.o
 *(.got.plt)
 *(.got)
 *(.shdata)
 *(.data .data.* .gnu.linkonce.d.*)
 .data          0x200000c4        0x4 .\CortexM0\ARM_GCC_541\Debug\Cm0Start.o
 .data          0x200000c8       0x14 .\CortexM0\ARM_GCC_541\Debug\SECURITY_MODULE.a(CyLib.o)
                0x200000c8                CySysClkPumpConfig
                0x200000cc                cydelay32kMs
                0x200000d0                cydelayFreqKhz
                0x200000d4                cydelayFreqMhz
                0x200000d8                cydelayFreqHz
 .data          0x200000dc        0x4 .\CortexM0\ARM_GCC_541\Debug\SECURITY_MODULE.a(CyLFClk.o)
 .data.impure_data
                0x200000e0       0x60 c:/program files (x86)/cypress/psoc creator/4.1/psoc creator/import/gnu/arm/5.4.1/bin/../lib/gcc/arm-none-eabi/5.4.1/../../../../arm-none-eabi/lib/armv6-m\libg_nano.a(lib_a-impure.o)
 .data._impure_ptr
                0x20000140        0x4 c:/program files (x86)/cypress/psoc creator/4.1/psoc creator/import/gnu/arm/5.4.1/bin/../lib/gcc/arm-none-eabi/5.4.1/../../../../arm-none-eabi/lib/armv6-m\libg_nano.a(lib_a-impure.o)
                0x20000140                _impure_ptr
                0x20000148                . = ALIGN (0x8)
 *fill*         0x20000144        0x4 
 *(.ram)
                0x20000148                _edata = .

.igot.plt       0x20000148        0x0 load address 0x000034f0
 .igot.plt      0x20000148        0x0 c:/program files (x86)/cypress/psoc creator/4.1/psoc creator/import/gnu/arm/5.4.1/bin/../lib/gcc/arm-none-eabi/5.4.1/armv6-m/crtbegin.o

.bss            0x20000148      0x178 load address 0x000034f0
                0x20000148                PROVIDE (__bss_start__, .)
 *(.shbss)
 *(.bss .bss.* .gnu.linkonce.b.*)
 .bss           0x20000148       0x1c c:/program files (x86)/cypress/psoc creator/4.1/psoc creator/import/gnu/arm/5.4.1/bin/../lib/gcc/arm-none-eabi/5.4.1/armv6-m/crtbegin.o
 .bss           0x20000164        0x1 .\CortexM0\ARM_GCC_541\Debug\main.o
 *fill*         0x20000165        0x3 
 .bss           0x20000168        0xa .\CortexM0\ARM_GCC_541\Debug\SECURITY_MODULE.a(DB_UART.o)
                0x20000168                DB_UART_initVar
                0x2000016c                DB_UART_customIntrHandler
                0x20000170                DB_UART_IntrTxMask
 *fill*         0x20000172        0x2 
 .bss           0x20000174        0x4 .\CortexM0\ARM_GCC_541\Debug\SECURITY_MODULE.a(CyFlash.o)
 .bss           0x20000178       0x20 .\CortexM0\ARM_GCC_541\Debug\SECURITY_MODULE.a(CyLFClk.o)
 .bss.__malloc_sbrk_start
                0x20000198        0x4 c:/program files (x86)/cypress/psoc creator/4.1/psoc creator/import/gnu/arm/5.4.1/bin/../lib/gcc/arm-none-eabi/5.4.1/../../../../arm-none-eabi/lib/armv6-m\libg_nano.a(lib_a-nano-mallocr.o)
                0x20000198                __malloc_sbrk_start
 .bss.__malloc_free_list
                0x2000019c        0x4 c:/program files (x86)/cypress/psoc creator/4.1/psoc creator/import/gnu/arm/5.4.1/bin/../lib/gcc/arm-none-eabi/5.4.1/../../../../arm-none-eabi/lib/armv6-m\libg_nano.a(lib_a-nano-mallocr.o)
                0x2000019c                __malloc_free_list
 *(COMMON)
 COMMON         0x200001a0      0x118 .\CortexM0\ARM_GCC_541\Debug\SECURITY_MODULE.a(DB_UART_SPI_UART.o)
                0x200001a0                DB_UART_txBufferTail
                0x200001a4                DB_UART_rxBufferInternal
                0x20000228                DB_UART_rxBufferTail
                0x2000022c                DB_UART_txBufferHead
                0x20000230                DB_UART_rxBufferHead
                0x20000234                DB_UART_rxBufferOverflow
                0x20000238                DB_UART_txBufferInternal
 COMMON         0x200002b8        0x4 c:/program files (x86)/cypress/psoc creator/4.1/psoc creator/import/gnu/arm/5.4.1/bin/../lib/gcc/arm-none-eabi/5.4.1/../../../../arm-none-eabi/lib/armv6-m\libg_nano.a(lib_a-reent.o)
                0x200002b8                errno
                0x200002c0                . = ALIGN (0x8)
 *fill*         0x200002bc        0x4 
 *(.ram.b)
                0x200002c0                _end = .
                0x200002c0                __end = .
                0x200002c0                PROVIDE (end, .)
                0x200002c0                PROVIDE (__bss_end__, .)
                0x00003468                __cy_region_init_ram = LOADADDR (.data)
                0x00000088                __cy_region_init_size_ram = (_edata - ADDR (.data))
                0x00000178                __cy_region_zero_size_ram = (_end - _edata)

.heap           0x200002c0      0x1f0 load address 0x000034f0
                0x200002c0                . = _end
                0x200004b0                . = (. + 0x1f0)
 *fill*         0x200002c0      0x1f0 
                0x200004b0                __cy_heap_limit = .

.stack          0x20000c00      0x400
                0x20000c00                __cy_stack_limit = .
                0x20001000                . = (. + 0x400)
 *fill*         0x20000c00      0x400 
                0x00000001                ASSERT ((__cy_stack_limit >= __cy_heap_limit), region RAM overflowed with stack)
                0x00000000                cy_checksum_exclude_size = (CY_APPL_LOADABLE == 0x1)?SIZEOF (.cy_checksum_exclude):0x0
                0x00000001                ASSERT ((cy_checksum_exclude_size <= CY_CHECKSUM_EXCLUDE_SIZE), CY_BOOT: Section .cy_checksum_exclude size exceedes specified limit.)
                0x00007fc0                cyloadermeta_start = (cy_project_type_bootloader || cy_project_type_app_for_stack_and_copier)?(LENGTH (rom) - CY_METADATA_SIZE):0xf0000000

.cyloadermeta
 *(.cyloadermeta)
                0x00007fc0                cyloadablemeta_start = cy_project_type_app_for_stack_and_copier?((LENGTH (rom) - CY_FLASH_ROW_SIZE) - CY_METADATA_SIZE):((LENGTH (rom) - (CY_FLASH_ROW_SIZE * (CY_APPL_NUM - 0x1))) - CY_METADATA_SIZE)

.cyloadablemeta
 *(.cyloadablemeta)

.cyflashprotect
                0x90400000       0x20
 *(.cyflashprotect)
 .cyflashprotect
                0x90400000       0x20 .\CortexM0\ARM_GCC_541\Debug\cymetadata.o
                0x90400000                cy_meta_flashprotect

.cymeta         0x90500000        0xc
 *(.cymeta)
 .cymeta        0x90500000        0xc .\CortexM0\ARM_GCC_541\Debug\cymetadata.o
                0x90500000                cy_metadata

.cychipprotect  0x90600000        0x1
 *(.cychipprotect)
 .cychipprotect
                0x90600000        0x1 .\CortexM0\ARM_GCC_541\Debug\cymetadata.o
                0x90600000                cy_meta_chipprotect

.rel.dyn        0x000034f0        0x0 load address 0x90600004
 .rel.iplt      0x000034f0        0x0 c:/program files (x86)/cypress/psoc creator/4.1/psoc creator/import/gnu/arm/5.4.1/bin/../lib/gcc/arm-none-eabi/5.4.1/armv6-m/crtbegin.o

.stab
 *(.stab)

.stabstr
 *(.stabstr)

.debug
 *(.debug)

.line
 *(.line)

.debug_srcinfo
 *(.debug_srcinfo)

.debug_sfnames
 *(.debug_sfnames)

.debug_aranges  0x00000000      0x728
 *(.debug_aranges)
 .debug_aranges
                0x00000000       0x58 .\CortexM0\ARM_GCC_541\Debug\main.o
 .debug_aranges
                0x00000058       0x38 .\CortexM0\ARM_GCC_541\Debug\usbserialprotocol.o
 .debug_aranges
                0x00000090       0x38 .\CortexM0\ARM_GCC_541\Debug\cyfitter_cfg.o
 .debug_aranges
                0x000000c8       0x18 .\CortexM0\ARM_GCC_541\Debug\cymetadata.o
 .debug_aranges
                0x000000e0       0x48 .\CortexM0\ARM_GCC_541\Debug\Cm0Start.o
 .debug_aranges
                0x00000128       0x70 .\CortexM0\ARM_GCC_541\Debug\SECURITY_MODULE.a(DB_UART.o)
 .debug_aranges
                0x00000198       0x60 .\CortexM0\ARM_GCC_541\Debug\SECURITY_MODULE.a(DB_UART_SPI_UART.o)
 .debug_aranges
                0x000001f8       0x60 .\CortexM0\ARM_GCC_541\Debug\SECURITY_MODULE.a(DB_UART_UART.o)
 .debug_aranges
                0x00000258       0x30 .\CortexM0\ARM_GCC_541\Debug\SECURITY_MODULE.a(PIGGY_BANK.o)
 .debug_aranges
                0x00000288       0x80 .\CortexM0\ARM_GCC_541\Debug\SECURITY_MODULE.a(Reset_isr.o)
 .debug_aranges
                0x00000308       0x48 .\CortexM0\ARM_GCC_541\Debug\SECURITY_MODULE.a(SW1.o)
 .debug_aranges
                0x00000350       0x38 .\CortexM0\ARM_GCC_541\Debug\SECURITY_MODULE.a(CyFlash.o)
 .debug_aranges
                0x00000388      0x180 .\CortexM0\ARM_GCC_541\Debug\SECURITY_MODULE.a(CyLib.o)
 .debug_aranges
                0x00000508      0x138 .\CortexM0\ARM_GCC_541\Debug\SECURITY_MODULE.a(CyLFClk.o)
 .debug_aranges
                0x00000640       0x20 .\CortexM0\ARM_GCC_541\Debug\SECURITY_MODULE.a(CyBootAsmGnu.o)
 .debug_aranges
                0x00000660       0x20 .\CortexM0\ARM_GCC_541\Debug\SECURITY_MODULE.a(DB_UART_SPI_UART_INT.o)
 .debug_aranges
                0x00000680       0x28 ..\..\2018-ectf-milestones-demo\Milestones Demo Workspace\strong-arm.cylib\CortexM0\ARM_GCC_541\Debug\strong-arm.a(hmac.o)
 .debug_aranges
                0x000006a8       0x50 ..\..\2018-ectf-milestones-demo\Milestones Demo Workspace\strong-arm.cylib\CortexM0\ARM_GCC_541\Debug\strong-arm.a(aes256.o)
 .debug_aranges
                0x000006f8       0x30 ..\..\2018-ectf-milestones-demo\Milestones Demo Workspace\strong-arm.cylib\CortexM0\ARM_GCC_541\Debug\strong-arm.a(sha256.o)

.debug_pubnames
 *(.debug_pubnames)

.debug_info     0x00000000     0x5816
 *(.debug_info .gnu.linkonce.wi.*)
 .debug_info    0x00000000      0xce7 .\CortexM0\ARM_GCC_541\Debug\main.o
 .debug_info    0x00000ce7      0x2f9 .\CortexM0\ARM_GCC_541\Debug\usbserialprotocol.o
 .debug_info    0x00000fe0      0x3b2 .\CortexM0\ARM_GCC_541\Debug\cyfitter_cfg.o
 .debug_info    0x00001392       0xf8 .\CortexM0\ARM_GCC_541\Debug\cymetadata.o
 .debug_info    0x0000148a      0x39c .\CortexM0\ARM_GCC_541\Debug\Cm0Start.o
 .debug_info    0x00001826      0x2fb .\CortexM0\ARM_GCC_541\Debug\SECURITY_MODULE.a(DB_UART.o)
 .debug_info    0x00001b21      0x372 .\CortexM0\ARM_GCC_541\Debug\SECURITY_MODULE.a(DB_UART_SPI_UART.o)
 .debug_info    0x00001e93      0x3b1 .\CortexM0\ARM_GCC_541\Debug\SECURITY_MODULE.a(DB_UART_UART.o)
 .debug_info    0x00002244      0x1e0 .\CortexM0\ARM_GCC_541\Debug\SECURITY_MODULE.a(PIGGY_BANK.o)
 .debug_info    0x00002424      0x305 .\CortexM0\ARM_GCC_541\Debug\SECURITY_MODULE.a(Reset_isr.o)
 .debug_info    0x00002729      0x19d .\CortexM0\ARM_GCC_541\Debug\SECURITY_MODULE.a(SW1.o)
 .debug_info    0x000028c6      0x33d .\CortexM0\ARM_GCC_541\Debug\SECURITY_MODULE.a(CyFlash.o)
 .debug_info    0x00002c03      0xb0b .\CortexM0\ARM_GCC_541\Debug\SECURITY_MODULE.a(CyLib.o)
 .debug_info    0x0000370e      0xcfe .\CortexM0\ARM_GCC_541\Debug\SECURITY_MODULE.a(CyLFClk.o)
 .debug_info    0x0000440c       0xa0 .\CortexM0\ARM_GCC_541\Debug\SECURITY_MODULE.a(CyBootAsmGnu.o)
 .debug_info    0x000044ac      0x186 .\CortexM0\ARM_GCC_541\Debug\SECURITY_MODULE.a(DB_UART_SPI_UART_INT.o)
 .debug_info    0x00004632      0x45f ..\..\2018-ectf-milestones-demo\Milestones Demo Workspace\strong-arm.cylib\CortexM0\ARM_GCC_541\Debug\strong-arm.a(hmac.o)
 .debug_info    0x00004a91      0x69f ..\..\2018-ectf-milestones-demo\Milestones Demo Workspace\strong-arm.cylib\CortexM0\ARM_GCC_541\Debug\strong-arm.a(aes256.o)
 .debug_info    0x00005130      0x6e6 ..\..\2018-ectf-milestones-demo\Milestones Demo Workspace\strong-arm.cylib\CortexM0\ARM_GCC_541\Debug\strong-arm.a(sha256.o)

.debug_abbrev   0x00000000     0x1865
 *(.debug_abbrev)
 .debug_abbrev  0x00000000      0x1b1 .\CortexM0\ARM_GCC_541\Debug\main.o
 .debug_abbrev  0x000001b1      0x127 .\CortexM0\ARM_GCC_541\Debug\usbserialprotocol.o
 .debug_abbrev  0x000002d8      0x1a2 .\CortexM0\ARM_GCC_541\Debug\cyfitter_cfg.o
 .debug_abbrev  0x0000047a       0x5d .\CortexM0\ARM_GCC_541\Debug\cymetadata.o
 .debug_abbrev  0x000004d7      0x1d7 .\CortexM0\ARM_GCC_541\Debug\Cm0Start.o
 .debug_abbrev  0x000006ae      0x130 .\CortexM0\ARM_GCC_541\Debug\SECURITY_MODULE.a(DB_UART.o)
 .debug_abbrev  0x000007de      0x168 .\CortexM0\ARM_GCC_541\Debug\SECURITY_MODULE.a(DB_UART_SPI_UART.o)
 .debug_abbrev  0x00000946      0x136 .\CortexM0\ARM_GCC_541\Debug\SECURITY_MODULE.a(DB_UART_UART.o)
 .debug_abbrev  0x00000a7c       0xf8 .\CortexM0\ARM_GCC_541\Debug\SECURITY_MODULE.a(PIGGY_BANK.o)
 .debug_abbrev  0x00000b74      0x19a .\CortexM0\ARM_GCC_541\Debug\SECURITY_MODULE.a(Reset_isr.o)
 .debug_abbrev  0x00000d0e       0xc8 .\CortexM0\ARM_GCC_541\Debug\SECURITY_MODULE.a(SW1.o)
 .debug_abbrev  0x00000dd6      0x19c .\CortexM0\ARM_GCC_541\Debug\SECURITY_MODULE.a(CyFlash.o)
 .debug_abbrev  0x00000f72      0x1e0 .\CortexM0\ARM_GCC_541\Debug\SECURITY_MODULE.a(CyLib.o)
 .debug_abbrev  0x00001152      0x210 .\CortexM0\ARM_GCC_541\Debug\SECURITY_MODULE.a(CyLFClk.o)
 .debug_abbrev  0x00001362       0x14 .\CortexM0\ARM_GCC_541\Debug\SECURITY_MODULE.a(CyBootAsmGnu.o)
 .debug_abbrev  0x00001376       0x9a .\CortexM0\ARM_GCC_541\Debug\SECURITY_MODULE.a(DB_UART_SPI_UART_INT.o)
 .debug_abbrev  0x00001410      0x14b ..\..\2018-ectf-milestones-demo\Milestones Demo Workspace\strong-arm.cylib\CortexM0\ARM_GCC_541\Debug\strong-arm.a(hmac.o)
 .debug_abbrev  0x0000155b      0x164 ..\..\2018-ectf-milestones-demo\Milestones Demo Workspace\strong-arm.cylib\CortexM0\ARM_GCC_541\Debug\strong-arm.a(aes256.o)
 .debug_abbrev  0x000016bf      0x1a6 ..\..\2018-ectf-milestones-demo\Milestones Demo Workspace\strong-arm.cylib\CortexM0\ARM_GCC_541\Debug\strong-arm.a(sha256.o)

.debug_line     0x00000000     0x24ff
 *(.debug_line)
 .debug_line    0x00000000      0x3b0 .\CortexM0\ARM_GCC_541\Debug\main.o
 .debug_line    0x000003b0      0x159 .\CortexM0\ARM_GCC_541\Debug\usbserialprotocol.o
 .debug_line    0x00000509      0x16c .\CortexM0\ARM_GCC_541\Debug\cyfitter_cfg.o
 .debug_line    0x00000675      0x141 .\CortexM0\ARM_GCC_541\Debug\cymetadata.o
 .debug_line    0x000007b6      0x235 .\CortexM0\ARM_GCC_541\Debug\Cm0Start.o
 .debug_line    0x000009eb      0x161 .\CortexM0\ARM_GCC_541\Debug\SECURITY_MODULE.a(DB_UART.o)
 .debug_line    0x00000b4c      0x155 .\CortexM0\ARM_GCC_541\Debug\SECURITY_MODULE.a(DB_UART_SPI_UART.o)
 .debug_line    0x00000ca1      0x180 .\CortexM0\ARM_GCC_541\Debug\SECURITY_MODULE.a(DB_UART_UART.o)
 .debug_line    0x00000e21       0xce .\CortexM0\ARM_GCC_541\Debug\SECURITY_MODULE.a(PIGGY_BANK.o)
 .debug_line    0x00000eef      0x151 .\CortexM0\ARM_GCC_541\Debug\SECURITY_MODULE.a(Reset_isr.o)
 .debug_line    0x00001040       0xbb .\CortexM0\ARM_GCC_541\Debug\SECURITY_MODULE.a(SW1.o)
 .debug_line    0x000010fb      0x18d .\CortexM0\ARM_GCC_541\Debug\SECURITY_MODULE.a(CyFlash.o)
 .debug_line    0x00001288      0x460 .\CortexM0\ARM_GCC_541\Debug\SECURITY_MODULE.a(CyLib.o)
 .debug_line    0x000016e8      0x466 .\CortexM0\ARM_GCC_541\Debug\SECURITY_MODULE.a(CyLFClk.o)
 .debug_line    0x00001b4e       0x69 .\CortexM0\ARM_GCC_541\Debug\SECURITY_MODULE.a(CyBootAsmGnu.o)
 .debug_line    0x00001bb7       0xb7 .\CortexM0\ARM_GCC_541\Debug\SECURITY_MODULE.a(DB_UART_SPI_UART_INT.o)
 .debug_line    0x00001c6e      0x2b8 ..\..\2018-ectf-milestones-demo\Milestones Demo Workspace\strong-arm.cylib\CortexM0\ARM_GCC_541\Debug\strong-arm.a(hmac.o)
 .debug_line    0x00001f26      0x2eb ..\..\2018-ectf-milestones-demo\Milestones Demo Workspace\strong-arm.cylib\CortexM0\ARM_GCC_541\Debug\strong-arm.a(aes256.o)
 .debug_line    0x00002211      0x2ee ..\..\2018-ectf-milestones-demo\Milestones Demo Workspace\strong-arm.cylib\CortexM0\ARM_GCC_541\Debug\strong-arm.a(sha256.o)

.debug_frame    0x00000000     0x15d0
 *(.debug_frame)
 .debug_frame   0x00000000      0x104 .\CortexM0\ARM_GCC_541\Debug\main.o
 .debug_frame   0x00000104       0x90 .\CortexM0\ARM_GCC_541\Debug\usbserialprotocol.o
 .debug_frame   0x00000194       0x8c .\CortexM0\ARM_GCC_541\Debug\cyfitter_cfg.o
 .debug_frame   0x00000220       0xbc .\CortexM0\ARM_GCC_541\Debug\Cm0Start.o
 .debug_frame   0x000002dc      0x114 .\CortexM0\ARM_GCC_541\Debug\SECURITY_MODULE.a(DB_UART.o)
 .debug_frame   0x000003f0       0xc8 .\CortexM0\ARM_GCC_541\Debug\SECURITY_MODULE.a(DB_UART_SPI_UART.o)
 .debug_frame   0x000004b8       0xe0 .\CortexM0\ARM_GCC_541\Debug\SECURITY_MODULE.a(DB_UART_UART.o)
 .debug_frame   0x00000598       0x60 .\CortexM0\ARM_GCC_541\Debug\SECURITY_MODULE.a(PIGGY_BANK.o)
 .debug_frame   0x000005f8      0x110 .\CortexM0\ARM_GCC_541\Debug\SECURITY_MODULE.a(Reset_isr.o)
 .debug_frame   0x00000708       0x70 .\CortexM0\ARM_GCC_541\Debug\SECURITY_MODULE.a(SW1.o)
 .debug_frame   0x00000778       0x74 .\CortexM0\ARM_GCC_541\Debug\SECURITY_MODULE.a(CyFlash.o)
 .debug_frame   0x000007ec      0x3e0 .\CortexM0\ARM_GCC_541\Debug\SECURITY_MODULE.a(CyLib.o)
 .debug_frame   0x00000bcc      0x3a8 .\CortexM0\ARM_GCC_541\Debug\SECURITY_MODULE.a(CyLFClk.o)
 .debug_frame   0x00000f74       0x2c .\CortexM0\ARM_GCC_541\Debug\SECURITY_MODULE.a(DB_UART_SPI_UART_INT.o)
 .debug_frame   0x00000fa0       0x58 ..\..\2018-ectf-milestones-demo\Milestones Demo Workspace\strong-arm.cylib\CortexM0\ARM_GCC_541\Debug\strong-arm.a(hmac.o)
 .debug_frame   0x00000ff8       0xe0 ..\..\2018-ectf-milestones-demo\Milestones Demo Workspace\strong-arm.cylib\CortexM0\ARM_GCC_541\Debug\strong-arm.a(aes256.o)
 .debug_frame   0x000010d8       0x98 ..\..\2018-ectf-milestones-demo\Milestones Demo Workspace\strong-arm.cylib\CortexM0\ARM_GCC_541\Debug\strong-arm.a(sha256.o)
 .debug_frame   0x00001170       0x20 c:/program files (x86)/cypress/psoc creator/4.1/psoc creator/import/gnu/arm/5.4.1/bin/../lib/gcc/arm-none-eabi/5.4.1/armv6-m\libgcc.a(_udivsi3.o)
 .debug_frame   0x00001190       0x20 c:/program files (x86)/cypress/psoc creator/4.1/psoc creator/import/gnu/arm/5.4.1/bin/../lib/gcc/arm-none-eabi/5.4.1/../../../../arm-none-eabi/lib/armv6-m\libg_nano.a(lib_a-errno.o)
 .debug_frame   0x000011b0       0x28 c:/program files (x86)/cypress/psoc creator/4.1/psoc creator/import/gnu/arm/5.4.1/bin/../lib/gcc/arm-none-eabi/5.4.1/../../../../arm-none-eabi/lib/armv6-m\libg_nano.a(lib_a-exit.o)
 .debug_frame   0x000011d8       0x2c c:/program files (x86)/cypress/psoc creator/4.1/psoc creator/import/gnu/arm/5.4.1/bin/../lib/gcc/arm-none-eabi/5.4.1/../../../../arm-none-eabi/lib/armv6-m\libg_nano.a(lib_a-init.o)
 .debug_frame   0x00001204       0x28 c:/program files (x86)/cypress/psoc creator/4.1/psoc creator/import/gnu/arm/5.4.1/bin/../lib/gcc/arm-none-eabi/5.4.1/../../../../arm-none-eabi/lib/armv6-m\libg_nano.a(lib_a-memcpy-stub.o)
 .debug_frame   0x0000122c       0x28 c:/program files (x86)/cypress/psoc creator/4.1/psoc creator/import/gnu/arm/5.4.1/bin/../lib/gcc/arm-none-eabi/5.4.1/../../../../arm-none-eabi/lib/armv6-m\libg_nano.a(lib_a-memmove.o)
 .debug_frame   0x00001254       0x20 c:/program files (x86)/cypress/psoc creator/4.1/psoc creator/import/gnu/arm/5.4.1/bin/../lib/gcc/arm-none-eabi/5.4.1/../../../../arm-none-eabi/lib/armv6-m\libg_nano.a(lib_a-memset.o)
 .debug_frame   0x00001274       0x44 c:/program files (x86)/cypress/psoc creator/4.1/psoc creator/import/gnu/arm/5.4.1/bin/../lib/gcc/arm-none-eabi/5.4.1/../../../../arm-none-eabi/lib/armv6-m\libg_nano.a(lib_a-rand.o)
 .debug_frame   0x000012b8       0x50 c:/program files (x86)/cypress/psoc creator/4.1/psoc creator/import/gnu/arm/5.4.1/bin/../lib/gcc/arm-none-eabi/5.4.1/../../../../arm-none-eabi/lib/armv6-m\libg_nano.a(lib_a-sprintf.o)
 .debug_frame   0x00001308       0x20 c:/program files (x86)/cypress/psoc creator/4.1/psoc creator/import/gnu/arm/5.4.1/bin/../lib/gcc/arm-none-eabi/5.4.1/../../../../arm-none-eabi/lib/armv6-m\libg_nano.a(lib_a-strcmp.o)
 .debug_frame   0x00001328       0x40 c:/program files (x86)/cypress/psoc creator/4.1/psoc creator/import/gnu/arm/5.4.1/bin/../lib/gcc/arm-none-eabi/5.4.1/../../../../arm-none-eabi/lib/armv6-m\libg_nano.a(lib_a-malloc.o)
 .debug_frame   0x00001368       0x2c c:/program files (x86)/cypress/psoc creator/4.1/psoc creator/import/gnu/arm/5.4.1/bin/../lib/gcc/arm-none-eabi/5.4.1/../../../../arm-none-eabi/lib/armv6-m\libg_nano.a(lib_a-nano-freer.o)
 .debug_frame   0x00001394       0x2c c:/program files (x86)/cypress/psoc creator/4.1/psoc creator/import/gnu/arm/5.4.1/bin/../lib/gcc/arm-none-eabi/5.4.1/../../../../arm-none-eabi/lib/armv6-m\libg_nano.a(lib_a-nano-mallocr.o)
 .debug_frame   0x000013c0       0x74 c:/program files (x86)/cypress/psoc creator/4.1/psoc creator/import/gnu/arm/5.4.1/bin/../lib/gcc/arm-none-eabi/5.4.1/../../../../arm-none-eabi/lib/armv6-m\libg_nano.a(lib_a-nano-svfprintf.o)
 .debug_frame   0x00001434       0x54 c:/program files (x86)/cypress/psoc creator/4.1/psoc creator/import/gnu/arm/5.4.1/bin/../lib/gcc/arm-none-eabi/5.4.1/../../../../arm-none-eabi/lib/armv6-m\libg_nano.a(lib_a-nano-vfprintf_i.o)
 .debug_frame   0x00001488       0x2c c:/program files (x86)/cypress/psoc creator/4.1/psoc creator/import/gnu/arm/5.4.1/bin/../lib/gcc/arm-none-eabi/5.4.1/../../../../arm-none-eabi/lib/armv6-m\libg_nano.a(lib_a-sbrkr.o)
 .debug_frame   0x000014b4       0x20 c:/program files (x86)/cypress/psoc creator/4.1/psoc creator/import/gnu/arm/5.4.1/bin/../lib/gcc/arm-none-eabi/5.4.1/../../../../arm-none-eabi/lib/armv6-m\libg_nano.a(lib_a-memchr-stub.o)
 .debug_frame   0x000014d4       0x30 c:/program files (x86)/cypress/psoc creator/4.1/psoc creator/import/gnu/arm/5.4.1/bin/../lib/gcc/arm-none-eabi/5.4.1/../../../../arm-none-eabi/lib/armv6-m\libg_nano.a(lib_a-mlock.o)
 .debug_frame   0x00001504       0x30 c:/program files (x86)/cypress/psoc creator/4.1/psoc creator/import/gnu/arm/5.4.1/bin/../lib/gcc/arm-none-eabi/5.4.1/../../../../arm-none-eabi/lib/armv6-m\libg_nano.a(lib_a-nano-reallocr.o)
 .debug_frame   0x00001534       0x48 c:/program files (x86)/cypress/psoc creator/4.1/psoc creator/import/gnu/arm/5.4.1/bin/../lib/gcc/arm-none-eabi/5.4.1/../../../../arm-none-eabi/lib/armv6-m\libg_nano.a(lib_a-reent.o)
 .debug_frame   0x0000157c       0x20 c:/program files (x86)/cypress/psoc creator/4.1/psoc creator/import/gnu/arm/5.4.1/bin/../lib/gcc/arm-none-eabi/5.4.1/../../../../arm-none-eabi/lib/armv6-m\libg_nano.a(lib_a-nano-msizer.o)
 .debug_frame   0x0000159c       0x34 c:/program files (x86)/cypress/psoc creator/4.1/psoc creator/import/gnu/arm/5.4.1/bin/../lib/gcc/arm-none-eabi/5.4.1/armv6-m\libgcc.a(_muldi3.o)

.debug_str      0x00000000     0x1a6a
 *(.debug_str)
 .debug_str     0x00000000      0x36c .\CortexM0\ARM_GCC_541\Debug\main.o
                                0x3d6 (size before relaxing)
 .debug_str     0x0000036c       0x90 .\CortexM0\ARM_GCC_541\Debug\usbserialprotocol.o
                                0x25a (size before relaxing)
 .debug_str     0x000003fc      0x113 .\CortexM0\ARM_GCC_541\Debug\cyfitter_cfg.o
                                0x2db (size before relaxing)
 .debug_str     0x0000050f       0x59 .\CortexM0\ARM_GCC_541\Debug\cymetadata.o
                                0x1d8 (size before relaxing)
 .debug_str     0x00000568      0x13a .\CortexM0\ARM_GCC_541\Debug\Cm0Start.o
                                0x311 (size before relaxing)
 .debug_str     0x000006a2      0x1b3 .\CortexM0\ARM_GCC_541\Debug\SECURITY_MODULE.a(DB_UART.o)
                                0x372 (size before relaxing)
 .debug_str     0x00000855      0x1c8 .\CortexM0\ARM_GCC_541\Debug\SECURITY_MODULE.a(DB_UART_SPI_UART.o)
                                0x3c4 (size before relaxing)
 .debug_str     0x00000a1d       0xeb .\CortexM0\ARM_GCC_541\Debug\SECURITY_MODULE.a(DB_UART_UART.o)
                                0x3e8 (size before relaxing)
 .debug_str     0x00000b08       0xab .\CortexM0\ARM_GCC_541\Debug\SECURITY_MODULE.a(PIGGY_BANK.o)
                                0x26a (size before relaxing)
 .debug_str     0x00000bb3      0x160 .\CortexM0\ARM_GCC_541\Debug\SECURITY_MODULE.a(Reset_isr.o)
                                0x332 (size before relaxing)
 .debug_str     0x00000d13       0x8f .\CortexM0\ARM_GCC_541\Debug\SECURITY_MODULE.a(SW1.o)
                                0x238 (size before relaxing)
 .debug_str     0x00000da2      0x133 .\CortexM0\ARM_GCC_541\Debug\SECURITY_MODULE.a(CyFlash.o)
                                0x33e (size before relaxing)
 .debug_str     0x00000ed5      0x440 .\CortexM0\ARM_GCC_541\Debug\SECURITY_MODULE.a(CyLib.o)
                                0x6d4 (size before relaxing)
 .debug_str     0x00001315      0x517 .\CortexM0\ARM_GCC_541\Debug\SECURITY_MODULE.a(CyLFClk.o)
                                0x74d (size before relaxing)
 .debug_str     0x0000182c       0x43 .\CortexM0\ARM_GCC_541\Debug\SECURITY_MODULE.a(DB_UART_SPI_UART_INT.o)
                                0x2b7 (size before relaxing)
 .debug_str     0x0000186f      0x118 ..\..\2018-ectf-milestones-demo\Milestones Demo Workspace\strong-arm.cylib\CortexM0\ARM_GCC_541\Debug\strong-arm.a(hmac.o)
                                0x289 (size before relaxing)
 .debug_str     0x00001987       0x9c ..\..\2018-ectf-milestones-demo\Milestones Demo Workspace\strong-arm.cylib\CortexM0\ARM_GCC_541\Debug\strong-arm.a(aes256.o)
                                0x29a (size before relaxing)
 .debug_str     0x00001a23       0x47 ..\..\2018-ectf-milestones-demo\Milestones Demo Workspace\strong-arm.cylib\CortexM0\ARM_GCC_541\Debug\strong-arm.a(sha256.o)
                                0x26e (size before relaxing)

.debug_loc      0x00000000     0x2bf1
 *(.debug_loc)
 .debug_loc     0x00000000      0x28d .\CortexM0\ARM_GCC_541\Debug\main.o
 .debug_loc     0x0000028d      0x10d .\CortexM0\ARM_GCC_541\Debug\usbserialprotocol.o
 .debug_loc     0x0000039a      0x118 .\CortexM0\ARM_GCC_541\Debug\cyfitter_cfg.o
 .debug_loc     0x000004b2      0x14f .\CortexM0\ARM_GCC_541\Debug\Cm0Start.o
 .debug_loc     0x00000601       0x7e .\CortexM0\ARM_GCC_541\Debug\SECURITY_MODULE.a(DB_UART.o)
 .debug_loc     0x0000067f      0x170 .\CortexM0\ARM_GCC_541\Debug\SECURITY_MODULE.a(DB_UART_SPI_UART.o)
 .debug_loc     0x000007ef      0x184 .\CortexM0\ARM_GCC_541\Debug\SECURITY_MODULE.a(DB_UART_UART.o)
 .debug_loc     0x00000973      0x1c2 .\CortexM0\ARM_GCC_541\Debug\SECURITY_MODULE.a(PIGGY_BANK.o)
 .debug_loc     0x00000b35       0x82 .\CortexM0\ARM_GCC_541\Debug\SECURITY_MODULE.a(Reset_isr.o)
 .debug_loc     0x00000bb7       0xa2 .\CortexM0\ARM_GCC_541\Debug\SECURITY_MODULE.a(SW1.o)
 .debug_loc     0x00000c59      0x21f .\CortexM0\ARM_GCC_541\Debug\SECURITY_MODULE.a(CyFlash.o)
 .debug_loc     0x00000e78      0x5cb .\CortexM0\ARM_GCC_541\Debug\SECURITY_MODULE.a(CyLib.o)
 .debug_loc     0x00001443      0x9b5 .\CortexM0\ARM_GCC_541\Debug\SECURITY_MODULE.a(CyLFClk.o)
 .debug_loc     0x00001df8       0x3d .\CortexM0\ARM_GCC_541\Debug\SECURITY_MODULE.a(DB_UART_SPI_UART_INT.o)
 .debug_loc     0x00001e35      0x1d2 ..\..\2018-ectf-milestones-demo\Milestones Demo Workspace\strong-arm.cylib\CortexM0\ARM_GCC_541\Debug\strong-arm.a(hmac.o)
 .debug_loc     0x00002007      0x452 ..\..\2018-ectf-milestones-demo\Milestones Demo Workspace\strong-arm.cylib\CortexM0\ARM_GCC_541\Debug\strong-arm.a(aes256.o)
 .debug_loc     0x00002459      0x798 ..\..\2018-ectf-milestones-demo\Milestones Demo Workspace\strong-arm.cylib\CortexM0\ARM_GCC_541\Debug\strong-arm.a(sha256.o)

.debug_macinfo
 *(.debug_macinfo)

.debug_ranges   0x00000000      0x658
 *(.debug_ranges)
 .debug_ranges  0x00000000       0x60 .\CortexM0\ARM_GCC_541\Debug\main.o
 .debug_ranges  0x00000060       0x28 .\CortexM0\ARM_GCC_541\Debug\usbserialprotocol.o
 .debug_ranges  0x00000088       0x28 .\CortexM0\ARM_GCC_541\Debug\cyfitter_cfg.o
 .debug_ranges  0x000000b0       0x38 .\CortexM0\ARM_GCC_541\Debug\Cm0Start.o
 .debug_ranges  0x000000e8       0x60 .\CortexM0\ARM_GCC_541\Debug\SECURITY_MODULE.a(DB_UART.o)
 .debug_ranges  0x00000148       0x50 .\CortexM0\ARM_GCC_541\Debug\SECURITY_MODULE.a(DB_UART_SPI_UART.o)
 .debug_ranges  0x00000198       0x50 .\CortexM0\ARM_GCC_541\Debug\SECURITY_MODULE.a(DB_UART_UART.o)
 .debug_ranges  0x000001e8       0x20 .\CortexM0\ARM_GCC_541\Debug\SECURITY_MODULE.a(PIGGY_BANK.o)
 .debug_ranges  0x00000208       0x70 .\CortexM0\ARM_GCC_541\Debug\SECURITY_MODULE.a(Reset_isr.o)
 .debug_ranges  0x00000278       0x38 .\CortexM0\ARM_GCC_541\Debug\SECURITY_MODULE.a(SW1.o)
 .debug_ranges  0x000002b0       0x28 .\CortexM0\ARM_GCC_541\Debug\SECURITY_MODULE.a(CyFlash.o)
 .debug_ranges  0x000002d8      0x170 .\CortexM0\ARM_GCC_541\Debug\SECURITY_MODULE.a(CyLib.o)
 .debug_ranges  0x00000448      0x128 .\CortexM0\ARM_GCC_541\Debug\SECURITY_MODULE.a(CyLFClk.o)
 .debug_ranges  0x00000570       0x10 .\CortexM0\ARM_GCC_541\Debug\SECURITY_MODULE.a(DB_UART_SPI_UART_INT.o)
 .debug_ranges  0x00000580       0x30 ..\..\2018-ectf-milestones-demo\Milestones Demo Workspace\strong-arm.cylib\CortexM0\ARM_GCC_541\Debug\strong-arm.a(hmac.o)
 .debug_ranges  0x000005b0       0x40 ..\..\2018-ectf-milestones-demo\Milestones Demo Workspace\strong-arm.cylib\CortexM0\ARM_GCC_541\Debug\strong-arm.a(aes256.o)
 .debug_ranges  0x000005f0       0x68 ..\..\2018-ectf-milestones-demo\Milestones Demo Workspace\strong-arm.cylib\CortexM0\ARM_GCC_541\Debug\strong-arm.a(sha256.o)

.comment        0x00000000       0x6e
 .comment       0x00000000       0x6e .\CortexM0\ARM_GCC_541\Debug\main.o
                                 0x6f (size before relaxing)
 .comment       0x0000006e       0x6f .\CortexM0\ARM_GCC_541\Debug\usbserialprotocol.o
 .comment       0x0000006e       0x6f .\CortexM0\ARM_GCC_541\Debug\cyfitter_cfg.o
 .comment       0x0000006e       0x6f .\CortexM0\ARM_GCC_541\Debug\cymetadata.o
 .comment       0x0000006e       0x6f .\CortexM0\ARM_GCC_541\Debug\Cm0Start.o
 .comment       0x0000006e       0x6f .\CortexM0\ARM_GCC_541\Debug\SECURITY_MODULE.a(DB_UART.o)
 .comment       0x0000006e       0x6f .\CortexM0\ARM_GCC_541\Debug\SECURITY_MODULE.a(DB_UART_SPI_UART.o)
 .comment       0x0000006e       0x6f .\CortexM0\ARM_GCC_541\Debug\SECURITY_MODULE.a(DB_UART_UART.o)
 .comment       0x0000006e       0x6f .\CortexM0\ARM_GCC_541\Debug\SECURITY_MODULE.a(PIGGY_BANK.o)
 .comment       0x0000006e       0x6f .\CortexM0\ARM_GCC_541\Debug\SECURITY_MODULE.a(Reset_isr.o)
 .comment       0x0000006e       0x6f .\CortexM0\ARM_GCC_541\Debug\SECURITY_MODULE.a(SW1.o)
 .comment       0x0000006e       0x6f .\CortexM0\ARM_GCC_541\Debug\SECURITY_MODULE.a(CyFlash.o)
 .comment       0x0000006e       0x6f .\CortexM0\ARM_GCC_541\Debug\SECURITY_MODULE.a(CyLib.o)
 .comment       0x0000006e       0x6f .\CortexM0\ARM_GCC_541\Debug\SECURITY_MODULE.a(CyLFClk.o)
 .comment       0x0000006e       0x6f .\CortexM0\ARM_GCC_541\Debug\SECURITY_MODULE.a(DB_UART_SPI_UART_INT.o)
 .comment       0x0000006e       0x6f ..\..\2018-ectf-milestones-demo\Milestones Demo Workspace\strong-arm.cylib\CortexM0\ARM_GCC_541\Debug\strong-arm.a(hmac.o)
 .comment       0x0000006e       0x6f ..\..\2018-ectf-milestones-demo\Milestones Demo Workspace\strong-arm.cylib\CortexM0\ARM_GCC_541\Debug\strong-arm.a(aes256.o)
 .comment       0x0000006e       0x6f ..\..\2018-ectf-milestones-demo\Milestones Demo Workspace\strong-arm.cylib\CortexM0\ARM_GCC_541\Debug\strong-arm.a(sha256.o)

.debug_weaknames
 *(.debug_weaknames)

.debug_funcnames
 *(.debug_funcnames)

.debug_typenames
 *(.debug_typenames)

.debug_varnames
 *(.debug_varnames)

.note.gnu.arm.ident
 *(.note.gnu.arm.ident)

.ARM.attributes
                0x00000000       0x28
 *(.ARM.attributes)
 .ARM.attributes
                0x00000000       0x1e c:/program files (x86)/cypress/psoc creator/4.1/psoc creator/import/gnu/arm/5.4.1/bin/../lib/gcc/arm-none-eabi/5.4.1/armv6-m/crti.o
 .ARM.attributes
                0x0000001e       0x2c c:/program files (x86)/cypress/psoc creator/4.1/psoc creator/import/gnu/arm/5.4.1/bin/../lib/gcc/arm-none-eabi/5.4.1/armv6-m/crtbegin.o
 .ARM.attributes
                0x0000004a       0x1b c:/program files (x86)/cypress/psoc creator/4.1/psoc creator/import/gnu/arm/5.4.1/bin/../lib/gcc/arm-none-eabi/5.4.1/../../../../arm-none-eabi/lib/armv6-m/crt0.o
 .ARM.attributes
                0x00000065       0x31 .\CortexM0\ARM_GCC_541\Debug\main.o
 .ARM.attributes
                0x00000096       0x31 .\CortexM0\ARM_GCC_541\Debug\usbserialprotocol.o
 .ARM.attributes
                0x000000c7       0x31 .\CortexM0\ARM_GCC_541\Debug\cyfitter_cfg.o
 .ARM.attributes
                0x000000f8       0x31 .\CortexM0\ARM_GCC_541\Debug\cymetadata.o
 .ARM.attributes
                0x00000129       0x31 .\CortexM0\ARM_GCC_541\Debug\Cm0Start.o
 .ARM.attributes
                0x0000015a       0x31 .\CortexM0\ARM_GCC_541\Debug\SECURITY_MODULE.a(DB_UART.o)
 .ARM.attributes
                0x0000018b       0x31 .\CortexM0\ARM_GCC_541\Debug\SECURITY_MODULE.a(DB_UART_SPI_UART.o)
 .ARM.attributes
                0x000001bc       0x31 .\CortexM0\ARM_GCC_541\Debug\SECURITY_MODULE.a(DB_UART_UART.o)
 .ARM.attributes
                0x000001ed       0x31 .\CortexM0\ARM_GCC_541\Debug\SECURITY_MODULE.a(PIGGY_BANK.o)
 .ARM.attributes
                0x0000021e       0x31 .\CortexM0\ARM_GCC_541\Debug\SECURITY_MODULE.a(Reset_isr.o)
 .ARM.attributes
                0x0000024f       0x31 .\CortexM0\ARM_GCC_541\Debug\SECURITY_MODULE.a(SW1.o)
 .ARM.attributes
                0x00000280       0x31 .\CortexM0\ARM_GCC_541\Debug\SECURITY_MODULE.a(CyFlash.o)
 .ARM.attributes
                0x000002b1       0x31 .\CortexM0\ARM_GCC_541\Debug\SECURITY_MODULE.a(CyLib.o)
 .ARM.attributes
                0x000002e2       0x31 .\CortexM0\ARM_GCC_541\Debug\SECURITY_MODULE.a(CyLFClk.o)
 .ARM.attributes
                0x00000313       0x21 .\CortexM0\ARM_GCC_541\Debug\SECURITY_MODULE.a(CyBootAsmGnu.o)
 .ARM.attributes
                0x00000334       0x31 .\CortexM0\ARM_GCC_541\Debug\SECURITY_MODULE.a(DB_UART_SPI_UART_INT.o)
 .ARM.attributes
                0x00000365       0x31 ..\..\2018-ectf-milestones-demo\Milestones Demo Workspace\strong-arm.cylib\CortexM0\ARM_GCC_541\Debug\strong-arm.a(hmac.o)
 .ARM.attributes
                0x00000396       0x31 ..\..\2018-ectf-milestones-demo\Milestones Demo Workspace\strong-arm.cylib\CortexM0\ARM_GCC_541\Debug\strong-arm.a(aes256.o)
 .ARM.attributes
                0x000003c7       0x31 ..\..\2018-ectf-milestones-demo\Milestones Demo Workspace\strong-arm.cylib\CortexM0\ARM_GCC_541\Debug\strong-arm.a(sha256.o)
 .ARM.attributes
                0x000003f8       0x1e c:/program files (x86)/cypress/psoc creator/4.1/psoc creator/import/gnu/arm/5.4.1/bin/../lib/gcc/arm-none-eabi/5.4.1/armv6-m\libgcc.a(_udivsi3.o)
 .ARM.attributes
                0x00000416       0x1e c:/program files (x86)/cypress/psoc creator/4.1/psoc creator/import/gnu/arm/5.4.1/bin/../lib/gcc/arm-none-eabi/5.4.1/armv6-m\libgcc.a(_dvmd_tls.o)
 .ARM.attributes
                0x00000434       0x2c c:/program files (x86)/cypress/psoc creator/4.1/psoc creator/import/gnu/arm/5.4.1/bin/../lib/gcc/arm-none-eabi/5.4.1/../../../../arm-none-eabi/lib/armv6-m\libg_nano.a(lib_a-errno.o)
 .ARM.attributes
                0x00000460       0x2c c:/program files (x86)/cypress/psoc creator/4.1/psoc creator/import/gnu/arm/5.4.1/bin/../lib/gcc/arm-none-eabi/5.4.1/../../../../arm-none-eabi/lib/armv6-m\libg_nano.a(lib_a-exit.o)
 .ARM.attributes
                0x0000048c       0x2c c:/program files (x86)/cypress/psoc creator/4.1/psoc creator/import/gnu/arm/5.4.1/bin/../lib/gcc/arm-none-eabi/5.4.1/../../../../arm-none-eabi/lib/armv6-m\libg_nano.a(lib_a-impure.o)
 .ARM.attributes
                0x000004b8       0x2c c:/program files (x86)/cypress/psoc creator/4.1/psoc creator/import/gnu/arm/5.4.1/bin/../lib/gcc/arm-none-eabi/5.4.1/../../../../arm-none-eabi/lib/armv6-m\libg_nano.a(lib_a-init.o)
 .ARM.attributes
                0x000004e4       0x2c c:/program files (x86)/cypress/psoc creator/4.1/psoc creator/import/gnu/arm/5.4.1/bin/../lib/gcc/arm-none-eabi/5.4.1/../../../../arm-none-eabi/lib/armv6-m\libg_nano.a(lib_a-memcpy-stub.o)
 .ARM.attributes
                0x00000510       0x2c c:/program files (x86)/cypress/psoc creator/4.1/psoc creator/import/gnu/arm/5.4.1/bin/../lib/gcc/arm-none-eabi/5.4.1/../../../../arm-none-eabi/lib/armv6-m\libg_nano.a(lib_a-memmove.o)
 .ARM.attributes
                0x0000053c       0x2c c:/program files (x86)/cypress/psoc creator/4.1/psoc creator/import/gnu/arm/5.4.1/bin/../lib/gcc/arm-none-eabi/5.4.1/../../../../arm-none-eabi/lib/armv6-m\libg_nano.a(lib_a-memset.o)
 .ARM.attributes
                0x00000568       0x2c c:/program files (x86)/cypress/psoc creator/4.1/psoc creator/import/gnu/arm/5.4.1/bin/../lib/gcc/arm-none-eabi/5.4.1/../../../../arm-none-eabi/lib/armv6-m\libg_nano.a(lib_a-rand.o)
 .ARM.attributes
                0x00000594       0x2c c:/program files (x86)/cypress/psoc creator/4.1/psoc creator/import/gnu/arm/5.4.1/bin/../lib/gcc/arm-none-eabi/5.4.1/../../../../arm-none-eabi/lib/armv6-m\libg_nano.a(lib_a-sprintf.o)
 .ARM.attributes
                0x000005c0       0x1c c:/program files (x86)/cypress/psoc creator/4.1/psoc creator/import/gnu/arm/5.4.1/bin/../lib/gcc/arm-none-eabi/5.4.1/../../../../arm-none-eabi/lib/armv6-m\libg_nano.a(lib_a-strcmp.o)
 .ARM.attributes
                0x000005dc       0x1c c:/program files (x86)/cypress/psoc creator/4.1/psoc creator/import/gnu/arm/5.4.1/bin/../lib/gcc/arm-none-eabi/5.4.1/../../../../arm-none-eabi/lib/armv6-m\libg_nano.a(lib_a-strlen.o)
 .ARM.attributes
                0x000005f8       0x2c c:/program files (x86)/cypress/psoc creator/4.1/psoc creator/import/gnu/arm/5.4.1/bin/../lib/gcc/arm-none-eabi/5.4.1/../../../../arm-none-eabi/lib/armv6-m\libg_nano.a(lib_a-malloc.o)
 .ARM.attributes
                0x00000624       0x2c c:/program files (x86)/cypress/psoc creator/4.1/psoc creator/import/gnu/arm/5.4.1/bin/../lib/gcc/arm-none-eabi/5.4.1/../../../../arm-none-eabi/lib/armv6-m\libg_nano.a(lib_a-nano-freer.o)
 .ARM.attributes
                0x00000650       0x2c c:/program files (x86)/cypress/psoc creator/4.1/psoc creator/import/gnu/arm/5.4.1/bin/../lib/gcc/arm-none-eabi/5.4.1/../../../../arm-none-eabi/lib/armv6-m\libg_nano.a(lib_a-nano-mallocr.o)
 .ARM.attributes
                0x0000067c       0x2c c:/program files (x86)/cypress/psoc creator/4.1/psoc creator/import/gnu/arm/5.4.1/bin/../lib/gcc/arm-none-eabi/5.4.1/../../../../arm-none-eabi/lib/armv6-m\libg_nano.a(lib_a-nano-svfprintf.o)
 .ARM.attributes
                0x000006a8       0x2c c:/program files (x86)/cypress/psoc creator/4.1/psoc creator/import/gnu/arm/5.4.1/bin/../lib/gcc/arm-none-eabi/5.4.1/../../../../arm-none-eabi/lib/armv6-m\libg_nano.a(lib_a-nano-vfprintf_i.o)
 .ARM.attributes
                0x000006d4       0x2c c:/program files (x86)/cypress/psoc creator/4.1/psoc creator/import/gnu/arm/5.4.1/bin/../lib/gcc/arm-none-eabi/5.4.1/../../../../arm-none-eabi/lib/armv6-m\libg_nano.a(lib_a-sbrkr.o)
 .ARM.attributes
                0x00000700       0x2c c:/program files (x86)/cypress/psoc creator/4.1/psoc creator/import/gnu/arm/5.4.1/bin/../lib/gcc/arm-none-eabi/5.4.1/../../../../arm-none-eabi/lib/armv6-m\libg_nano.a(lib_a-memchr-stub.o)
 .ARM.attributes
                0x0000072c       0x2c c:/program files (x86)/cypress/psoc creator/4.1/psoc creator/import/gnu/arm/5.4.1/bin/../lib/gcc/arm-none-eabi/5.4.1/../../../../arm-none-eabi/lib/armv6-m\libg_nano.a(lib_a-mlock.o)
 .ARM.attributes
                0x00000758       0x2c c:/program files (x86)/cypress/psoc creator/4.1/psoc creator/import/gnu/arm/5.4.1/bin/../lib/gcc/arm-none-eabi/5.4.1/../../../../arm-none-eabi/lib/armv6-m\libg_nano.a(lib_a-nano-reallocr.o)
 .ARM.attributes
                0x00000784       0x2c c:/program files (x86)/cypress/psoc creator/4.1/psoc creator/import/gnu/arm/5.4.1/bin/../lib/gcc/arm-none-eabi/5.4.1/../../../../arm-none-eabi/lib/armv6-m\libg_nano.a(lib_a-reent.o)
 .ARM.attributes
                0x000007b0       0x2c c:/program files (x86)/cypress/psoc creator/4.1/psoc creator/import/gnu/arm/5.4.1/bin/../lib/gcc/arm-none-eabi/5.4.1/../../../../arm-none-eabi/lib/armv6-m\libg_nano.a(lib_a-nano-msizer.o)
 .ARM.attributes
                0x000007dc       0x2c c:/program files (x86)/cypress/psoc creator/4.1/psoc creator/import/gnu/arm/5.4.1/bin/../lib/gcc/arm-none-eabi/5.4.1/armv6-m\libgcc.a(_muldi3.o)
 .ARM.attributes
                0x00000808       0x2c c:/program files (x86)/cypress/psoc creator/4.1/psoc creator/import/gnu/arm/5.4.1/bin/../lib/gcc/arm-none-eabi/5.4.1/armv6-m/crtend.o
 .ARM.attributes
                0x00000834       0x1e c:/program files (x86)/cypress/psoc creator/4.1/psoc creator/import/gnu/arm/5.4.1/bin/../lib/gcc/arm-none-eabi/5.4.1/armv6-m/crtn.o

/DISCARD/
 *(.note.GNU-stack)
OUTPUT(\\VBOXSVR\raywang\Dropbox (MIT)\CTFs\eCTF\ectf-2018-techsec\SECURITY_MODULE.cydsn\CortexM0\ARM_GCC_541\Debug\SECURITY_MODULE.elf elf32-littlearm)
