Archive member included to satisfy reference by file (symbol)

.\CortexM0\ARM_GCC_541\Debug\CARD.a(USER_INFO.o)
                              .\CortexM0\ARM_GCC_541\Debug\main.o (USER_INFO_Start)
.\CortexM0\ARM_GCC_541\Debug\CARD.a(USB_UART.o)
                              .\CortexM0\ARM_GCC_541\Debug\main.o (USB_UART_Start)
.\CortexM0\ARM_GCC_541\Debug\CARD.a(USB_UART_SPI_UART.o)
                              .\CortexM0\ARM_GCC_541\Debug\usbserialprotocol.o (USB_UART_SpiUartGetRxBufferSize)
.\CortexM0\ARM_GCC_541\Debug\CARD.a(USB_UART_UART.o)
                              .\CortexM0\ARM_GCC_541\Debug\CARD.a(USB_UART.o) (USB_UART_UartInit)
.\CortexM0\ARM_GCC_541\Debug\CARD.a(Reset_isr.o)
                              .\CortexM0\ARM_GCC_541\Debug\main.o (Reset_isr_StartEx)
.\CortexM0\ARM_GCC_541\Debug\CARD.a(SW1.o)
                              .\CortexM0\ARM_GCC_541\Debug\main.o (SW1_ClearInterrupt)
.\CortexM0\ARM_GCC_541\Debug\CARD.a(CyFlash.o)
                              .\CortexM0\ARM_GCC_541\Debug\CARD.a(USER_INFO.o) (CySysFlashWriteRow)
.\CortexM0\ARM_GCC_541\Debug\CARD.a(CyLib.o)
                              .\CortexM0\ARM_GCC_541\Debug\cyfitter_cfg.o (CyIntEnable)
.\CortexM0\ARM_GCC_541\Debug\CARD.a(CyLFClk.o)
                              .\CortexM0\ARM_GCC_541\Debug\cyfitter_cfg.o (CySysWdtIsr)
.\CortexM0\ARM_GCC_541\Debug\CARD.a(CyBootAsmGnu.o)
                              .\CortexM0\ARM_GCC_541\Debug\CARD.a(CyLib.o) (CyDelayCycles)
.\CortexM0\ARM_GCC_541\Debug\CARD.a(USB_UART_SPI_UART_INT.o)
                              .\CortexM0\ARM_GCC_541\Debug\CARD.a(USB_UART_UART.o) (USB_UART_SPI_UART_ISR)
..\..\2018-ectf-milestones-demo\Milestones Demo Workspace\strong-arm.cylib\CortexM0\ARM_GCC_541\Debug\strong-arm.a(hmac.o)
                              .\CortexM0\ARM_GCC_541\Debug\main.o (HMAC)
..\..\2018-ectf-milestones-demo\Milestones Demo Workspace\strong-arm.cylib\CortexM0\ARM_GCC_541\Debug\strong-arm.a(sha256.o)
                              ..\..\2018-ectf-milestones-demo\Milestones Demo Workspace\strong-arm.cylib\CortexM0\ARM_GCC_541\Debug\strong-arm.a(hmac.o) (SHA256)
c:/program files (x86)/cypress/psoc creator/4.1/psoc creator/import/gnu/arm/5.4.1/bin/../lib/gcc/arm-none-eabi/5.4.1/armv6-m\libgcc.a(_udivsi3.o)
                              .\CortexM0\ARM_GCC_541\Debug\CARD.a(CyLib.o) (__aeabi_uidiv)
c:/program files (x86)/cypress/psoc creator/4.1/psoc creator/import/gnu/arm/5.4.1/bin/../lib/gcc/arm-none-eabi/5.4.1/armv6-m\libgcc.a(_dvmd_tls.o)
                              c:/program files (x86)/cypress/psoc creator/4.1/psoc creator/import/gnu/arm/5.4.1/bin/../lib/gcc/arm-none-eabi/5.4.1/armv6-m\libgcc.a(_udivsi3.o) (__aeabi_idiv0)
c:/program files (x86)/cypress/psoc creator/4.1/psoc creator/import/gnu/arm/5.4.1/bin/../lib/gcc/arm-none-eabi/5.4.1/../../../../arm-none-eabi/lib/armv6-m\libg_nano.a(lib_a-errno.o)
                              .\CortexM0\ARM_GCC_541\Debug\Cm0Start.o (__errno)
c:/program files (x86)/cypress/psoc creator/4.1/psoc creator/import/gnu/arm/5.4.1/bin/../lib/gcc/arm-none-eabi/5.4.1/../../../../arm-none-eabi/lib/armv6-m\libg_nano.a(lib_a-exit.o)
                              c:/program files (x86)/cypress/psoc creator/4.1/psoc creator/import/gnu/arm/5.4.1/bin/../lib/gcc/arm-none-eabi/5.4.1/../../../../arm-none-eabi/lib/armv6-m/crt0.o (exit)
c:/program files (x86)/cypress/psoc creator/4.1/psoc creator/import/gnu/arm/5.4.1/bin/../lib/gcc/arm-none-eabi/5.4.1/../../../../arm-none-eabi/lib/armv6-m\libg_nano.a(lib_a-impure.o)
                              c:/program files (x86)/cypress/psoc creator/4.1/psoc creator/import/gnu/arm/5.4.1/bin/../lib/gcc/arm-none-eabi/5.4.1/../../../../arm-none-eabi/lib/armv6-m\libg_nano.a(lib_a-exit.o) (_global_impure_ptr)
c:/program files (x86)/cypress/psoc creator/4.1/psoc creator/import/gnu/arm/5.4.1/bin/../lib/gcc/arm-none-eabi/5.4.1/../../../../arm-none-eabi/lib/armv6-m\libg_nano.a(lib_a-init.o)
                              c:/program files (x86)/cypress/psoc creator/4.1/psoc creator/import/gnu/arm/5.4.1/bin/../lib/gcc/arm-none-eabi/5.4.1/../../../../arm-none-eabi/lib/armv6-m/crt0.o (__libc_init_array)
c:/program files (x86)/cypress/psoc creator/4.1/psoc creator/import/gnu/arm/5.4.1/bin/../lib/gcc/arm-none-eabi/5.4.1/../../../../arm-none-eabi/lib/armv6-m\libg_nano.a(lib_a-memcpy-stub.o)
                              .\CortexM0\ARM_GCC_541\Debug\main.o (memcpy)
c:/program files (x86)/cypress/psoc creator/4.1/psoc creator/import/gnu/arm/5.4.1/bin/../lib/gcc/arm-none-eabi/5.4.1/../../../../arm-none-eabi/lib/armv6-m\libg_nano.a(lib_a-memmove.o)
                              ..\..\2018-ectf-milestones-demo\Milestones Demo Workspace\strong-arm.cylib\CortexM0\ARM_GCC_541\Debug\strong-arm.a(hmac.o) (memmove)
c:/program files (x86)/cypress/psoc creator/4.1/psoc creator/import/gnu/arm/5.4.1/bin/../lib/gcc/arm-none-eabi/5.4.1/../../../../arm-none-eabi/lib/armv6-m\libg_nano.a(lib_a-memset.o)
[...]
Memory Configuration

Name             Origin             Length             Attributes
rom              0x00000000         0x00008000         xr
ram              0x20000000         0x00001000         xrw
*default*        0x00000000         0xffffffff

Linker script and memory map

LOAD c:/program files (x86)/cypress/psoc creator/4.1/psoc creator/import/gnu/arm/5.4.1/bin/../lib/gcc/arm-none-eabi/5.4.1/armv6-m/crti.o
LOAD c:/program files (x86)/cypress/psoc creator/4.1/psoc creator/import/gnu/arm/5.4.1/bin/../lib/gcc/arm-none-eabi/5.4.1/armv6-m/crtbegin.o
LOAD c:/program files (x86)/cypress/psoc creator/4.1/psoc creator/import/gnu/arm/5.4.1/bin/../lib/gcc/arm-none-eabi/5.4.1/../../../../arm-none-eabi/lib/armv6-m/crt0.o
START GROUP
LOAD .\CortexM0\ARM_GCC_541\Debug\main.o
LOAD .\CortexM0\ARM_GCC_541\Debug\usbserialprotocol.o
LOAD .\CortexM0\ARM_GCC_541\Debug\cyfitter_cfg.o
LOAD .\CortexM0\ARM_GCC_541\Debug\cymetadata.o
LOAD .\CortexM0\ARM_GCC_541\Debug\Cm0Start.o
LOAD .\CortexM0\ARM_GCC_541\Debug\CARD.a
LOAD ..\..\2018-ectf-milestones-demo\Milestones Demo Workspace\strong-arm.cylib\CortexM0\ARM_GCC_541\Debug\strong-arm.a
LOAD C:\Program Files (x86)\Cypress\PSoC Creator\4.1\PSoC Creator\psoc\content\cycomponentlibrary\CyComponentLibrary.cylib\CortexM0\ARM_GCC_541\Debug\CyComponentLibrary.a
END GROUP
START GROUP
LOAD c:/program files (x86)/cypress/psoc creator/4.1/psoc creator/import/gnu/arm/5.4.1/bin/../lib/gcc/arm-none-eabi/5.4.1/armv6-m\libgcc.a
LOAD c:/program files (x86)/cypress/psoc creator/4.1/psoc creator/import/gnu/arm/5.4.1/bin/../lib/gcc/arm-none-eabi/5.4.1/../../../../arm-none-eabi/lib/armv6-m\libg_nano.a
LOAD c:/program files (x86)/cypress/psoc creator/4.1/psoc creator/import/gnu/arm/5.4.1/bin/../lib/gcc/arm-none-eabi/5.4.1/../../../../arm-none-eabi/lib/armv6-m\libc_nano.a
END GROUP
START GROUP
LOAD c:/program files (x86)/cypress/psoc creator/4.1/psoc creator/import/gnu/arm/5.4.1/bin/../lib/gcc/arm-none-eabi/5.4.1/armv6-m\libgcc.a
LOAD c:/program files (x86)/cypress/psoc creator/4.1/psoc creator/import/gnu/arm/5.4.1/bin/../lib/gcc/arm-none-eabi/5.4.1/../../../../arm-none-eabi/lib/armv6-m\libc_nano.a
END GROUP
LOAD c:/program files (x86)/cypress/psoc creator/4.1/psoc creator/import/gnu/arm/5.4.1/bin/../lib/gcc/arm-none-eabi/5.4.1/armv6-m/crtend.o
LOAD c:/program files (x86)/cypress/psoc creator/4.1/psoc creator/import/gnu/arm/5.4.1/bin/../lib/gcc/arm-none-eabi/5.4.1/armv6-m/crtn.o
START GROUP
LOAD c:/program files (x86)/cypress/psoc creator/4.1/psoc creator/import/gnu/arm/5.4.1/bin/../lib/gcc/arm-none-eabi/5.4.1/armv6-m\libgcc.a
LOAD c:/program files (x86)/cypress/psoc creator/4.1/psoc creator/import/gnu/arm/5.4.1/bin/../lib/gcc/arm-none-eabi/5.4.1/../../../../arm-none-eabi/lib/armv6-m\libc.a
LOAD c:/program files (x86)/cypress/psoc creator/4.1/psoc creator/import/gnu/arm/5.4.1/bin/../lib/gcc/arm-none-eabi/5.4.1/../../../../arm-none-eabi/lib/armv6-m\libnosys.a
END GROUP
                0x00000000                CY_APPL_ORIGIN = 0x0
                0x00000080                CY_FLASH_ROW_SIZE = 0x80
                0x00000001                CY_APPL_NUM = 0x1
                0x00000001                CY_APPL_MAX = 0x1
                0x00000040                CY_METADATA_SIZE = 0x40
                0x00000000                CY_APPL_LOADABLE = 0x0
                0x00000000                CY_CHECKSUM_EXCLUDE_SIZE = ALIGN (0x0, CY_FLASH_ROW_SIZE)
                0x00000000                CY_APP_FOR_STACK_AND_COPIER = 0x0
                [!provide]                PROVIDE (__cy_heap_start, _end)
                0x00000001                PROVIDE (__cy_region_num, ((__cy_regions_end - __cy_regions) / 0x10))
                0x20001000                PROVIDE (__cy_stack, (ORIGIN (ram) + LENGTH (ram)))
                [!provide]                PROVIDE (__cy_heap_end, (__cy_stack - 0x400))

.cybootloader   0x00000000        0x0
 *(.cybootloader)
                0x00000000                appl1_start = CY_APPL_ORIGIN?CY_APPL_ORIGIN:ALIGN (CY_FLASH_ROW_SIZE)
                0x00003f80                appl2_start = (appl1_start + ALIGN ((((LENGTH (rom) - appl1_start) - (0x2 * CY_FLASH_ROW_SIZE)) / 0x2), CY_FLASH_ROW_SIZE))
                0x00000000                appl_start = (CY_APPL_NUM == 0x1)?appl1_start:appl2_start
                0x00000001                cy_project_type_bootloader = (appl_start == 0x0)?0x1:0x0
                0x00000000                cy_project_type_app_for_stack_and_copier = (CY_APP_FOR_STACK_AND_COPIER == 0x1)?0x1:0x0

.text           0x00000000     0x1552
 CREATE_OBJECT_SYMBOLS
                0x00000000                PROVIDE (__cy_interrupt_vector, RomVectors)
 *(.romvectors)
 .romvectors    0x00000000       0x10 .\CortexM0\ARM_GCC_541\Debug\Cm0Start.o
                0x00000000                RomVectors
                0x00000001                ASSERT ((. != __cy_interrupt_vector), No interrupt vector)
                0x00000001                ASSERT (CY_APPL_ORIGIN?(SIZEOF (.cybootloader) <= CY_APPL_ORIGIN):0x1, Wrong image location)
                0x00000010                PROVIDE (__cy_reset, Reset)
 *(.text.Reset)
 .text.Reset    0x00000010        0x8 .\CortexM0\ARM_GCC_541\Debug\Cm0Start.o
                0x00000010                Reset
                0x00000001                ASSERT ((. != __cy_reset), No reset code)
 *(.psocinit)
 .psocinit      0x00000018      0x200 .\CortexM0\ARM_GCC_541\Debug\cyfitter_cfg.o
                0x000000a8                cyfitter_cfg
                0x00000218                . = MAX (., 0x100)
 *(.text .text.* .gnu.linkonce.t.*)
 .text          0x00000218       0x60 c:/program files (x86)/cypress/psoc creator/4.1/psoc creator/import/gnu/arm/5.4.1/bin/../lib/gcc/arm-none-eabi/5.4.1/armv6-m/crtbegin.o
 .text.Reset_ISR
                0x00000278       0x18 .\CortexM0\ARM_GCC_541\Debug\main.o
                0x00000278                Reset_ISR
 .text.hex2byte
                0x00000290       0x6c .\CortexM0\ARM_GCC_541\Debug\main.o
                0x00000290                hex2byte
 .text.provision
                0x000002fc       0x78 .\CortexM0\ARM_GCC_541\Debug\main.o
                0x000002fc                provision
 .text.main     0x00000374       0xb4 .\CortexM0\ARM_GCC_541\Debug\main.o
                0x00000374                main
 .text.getValidByte
                0x00000428       0x14 .\CortexM0\ARM_GCC_541\Debug\usbserialprotocol.o
                0x00000428                getValidByte
 .text.pushMessage
                0x0000043c       0x20 .\CortexM0\ARM_GCC_541\Debug\usbserialprotocol.o
                0x0000043c                pushMessage
 .text.pullMessage
                0x0000045c       0x28 .\CortexM0\ARM_GCC_541\Debug\usbserialprotocol.o
                0x0000045c                pullMessage
 .text.syncConnection
                0x00000484       0x74 .\CortexM0\ARM_GCC_541\Debug\usbserialprotocol.o
                0x00000484                syncConnection
 .text.cfg_write_bytes32
                0x000004f8       0x34 .\CortexM0\ARM_GCC_541\Debug\cyfitter_cfg.o
 .text.CYMEMZERO
                0x0000052c        0xc .\CortexM0\ARM_GCC_541\Debug\cyfitter_cfg.o
 .text.CYCONFIGCPYCODE
                0x00000538        0x8 .\CortexM0\ARM_GCC_541\Debug\cyfitter_cfg.o
 .text.IntDefaultHandler
                0x00000540       0x10 .\CortexM0\ARM_GCC_541\Debug\Cm0Start.o
                0x00000540                IntDefaultHandler
 .text.Start_c  0x00000550       0x48 .\CortexM0\ARM_GCC_541\Debug\Cm0Start.o
                0x00000550                Start_c
 .text.initialize_psoc
                0x00000598       0x40 .\CortexM0\ARM_GCC_541\Debug\Cm0Start.o
                0x00000598                initialize_psoc
 .text.USER_INFO_Start
                0x000005d8        0x4 .\CortexM0\ARM_GCC_541\Debug\CARD.a(USER_INFO.o)
                0x000005d8                USER_INFO_Start
 .text.USER_INFO_Write
                0x000005dc       0x84 .\CortexM0\ARM_GCC_541\Debug\CARD.a(USER_INFO.o)
                0x000005dc                USER_INFO_Write
 .text.USB_UART_ScbEnableIntr
                0x00000660        0xc .\CortexM0\ARM_GCC_541\Debug\CARD.a(USB_UART.o)
 .text.USB_UART_ScbModePostEnable
                0x0000066c        0x8 .\CortexM0\ARM_GCC_541\Debug\CARD.a(USB_UART.o)
 .text.USB_UART_Init
                0x00000674        0x8 .\CortexM0\ARM_GCC_541\Debug\CARD.a(USB_UART.o)
                0x00000674                USB_UART_Init
 .text.USB_UART_Enable
                0x0000067c       0x1c .\CortexM0\ARM_GCC_541\Debug\CARD.a(USB_UART.o)
                0x0000067c                USB_UART_Enable
 .text.USB_UART_Start
                0x00000698       0x20 .\CortexM0\ARM_GCC_541\Debug\CARD.a(USB_UART.o)
                0x00000698                USB_UART_Start
 .text.USB_UART_SpiUartReadRxData
                0x000006b8       0x34 .\CortexM0\ARM_GCC_541\Debug\CARD.a(USB_UART_SPI_UART.o)
                0x000006b8                USB_UART_SpiUartReadRxData
 .text.USB_UART_SpiUartGetRxBufferSize
                0x000006ec       0x28 .\CortexM0\ARM_GCC_541\Debug\CARD.a(USB_UART_SPI_UART.o)
                0x000006ec                USB_UART_SpiUartGetRxBufferSize
 .text.USB_UART_SpiUartWriteTxData
                0x00000714       0x70 .\CortexM0\ARM_GCC_541\Debug\CARD.a(USB_UART_SPI_UART.o)
                0x00000714                USB_UART_SpiUartWriteTxData
 .text.USB_UART_UartInit
                0x00000784       0xdc .\CortexM0\ARM_GCC_541\Debug\CARD.a(USB_UART_UART.o)
                0x00000784                USB_UART_UartInit
 .text.USB_UART_UartPostEnable
                0x00000860       0x24 .\CortexM0\ARM_GCC_541\Debug\CARD.a(USB_UART_UART.o)
                0x00000860                USB_UART_UartPostEnable
 .text.USB_UART_UartGetByte
                0x00000884       0x4c .\CortexM0\ARM_GCC_541\Debug\CARD.a(USB_UART_UART.o)
                0x00000884                USB_UART_UartGetByte
 .text.Reset_isr_SetVector
                0x000008d0        0xc .\CortexM0\ARM_GCC_541\Debug\CARD.a(Reset_isr.o)
                0x000008d0                Reset_isr_SetVector
 .text.Reset_isr_SetPriority
                0x000008dc       0x20 .\CortexM0\ARM_GCC_541\Debug\CARD.a(Reset_isr.o)
                0x000008dc                Reset_isr_SetPriority
 .text.Reset_isr_Enable
                0x000008fc        0xc .\CortexM0\ARM_GCC_541\Debug\CARD.a(Reset_isr.o)
                0x000008fc                Reset_isr_Enable
 .text.Reset_isr_Disable
                0x00000908        0xc .\CortexM0\ARM_GCC_541\Debug\CARD.a(Reset_isr.o)
                0x00000908                Reset_isr_Disable
 .text.Reset_isr_StartEx
                0x00000914       0x1c .\CortexM0\ARM_GCC_541\Debug\CARD.a(Reset_isr.o)
                0x00000914                Reset_isr_StartEx
 .text.SW1_ClearInterrupt
                0x00000930       0x14 .\CortexM0\ARM_GCC_541\Debug\CARD.a(SW1.o)
                0x00000930                SW1_ClearInterrupt
 .text.CySysFlashClockBackup
                0x00000944       0x14 .\CortexM0\ARM_GCC_541\Debug\CARD.a(CyFlash.o)
 .text.CySysFlashClockRestore
                0x00000958       0x14 .\CortexM0\ARM_GCC_541\Debug\CARD.a(CyFlash.o)
 .text.CySysFlashWriteRow
                0x0000096c      0x208 .\CortexM0\ARM_GCC_541\Debug\CARD.a(CyFlash.o)
                0x0000096c                CySysFlashWriteRow
 .text.CyIntEnable
                0x00000b74       0x14 .\CortexM0\ARM_GCC_541\Debug\CARD.a(CyLib.o)
                0x00000b74                CyIntEnable
 .text.CyIntDisable
                0x00000b88       0x14 .\CortexM0\ARM_GCC_541\Debug\CARD.a(CyLib.o)
                0x00000b88                CyIntDisable
 .text.CyHalt   0x00000b9c        0x4 .\CortexM0\ARM_GCC_541\Debug\CARD.a(CyLib.o)
                0x00000b9c                CyHalt
 .text.CyIntSetVector
                0x00000ba0       0x24 .\CortexM0\ARM_GCC_541\Debug\CARD.a(CyLib.o)
                0x00000ba0                CyIntSetVector
 .text.CyIntSetPriority
                0x00000bc4       0x4c .\CortexM0\ARM_GCC_541\Debug\CARD.a(CyLib.o)
                0x00000bc4                CyIntSetPriority
 .text.CySoftwareReset
                0x00000c10       0x18 .\CortexM0\ARM_GCC_541\Debug\CARD.a(CyLib.o)
                0x00000c10                CySoftwareReset
 .text.CyDelayUs
                0x00000c28       0x14 .\CortexM0\ARM_GCC_541\Debug\CARD.a(CyLib.o)
                0x00000c28                CyDelayUs
 .text.CySysClkWriteImoFreq
                0x00000c3c      0x164 .\CortexM0\ARM_GCC_541\Debug\CARD.a(CyLib.o)
                0x00000c3c                CySysClkWriteImoFreq
 .text.CySysWdtLocked
                0x00000da0       0x14 .\CortexM0\ARM_GCC_541\Debug\CARD.a(CyLFClk.o)
 .text.CySysWdtLock
                0x00000db4       0x1c .\CortexM0\ARM_GCC_541\Debug\CARD.a(CyLFClk.o)
                0x00000db4                CySysWdtLock
 .text.CySysWdtUnlock
                0x00000dd0       0x30 .\CortexM0\ARM_GCC_541\Debug\CARD.a(CyLFClk.o)
                0x00000dd0                CySysWdtUnlock
 .text.CySysWdtClearInterrupt
                0x00000e00       0x4c .\CortexM0\ARM_GCC_541\Debug\CARD.a(CyLFClk.o)
                0x00000e00                CySysWdtClearInterrupt
 .text.CySysWdtIsr
                0x00000e4c       0xa4 .\CortexM0\ARM_GCC_541\Debug\CARD.a(CyLFClk.o)
                0x00000e4c                CySysWdtIsr
 .text          0x00000ef0       0x24 .\CortexM0\ARM_GCC_541\Debug\CARD.a(CyBootAsmGnu.o)
                0x00000ef0                CyDelayCycles
                0x00000f04                CyEnterCriticalSection
                0x00000f0c                CyExitCriticalSection
 .text.USB_UART_SPI_UART_ISR
                0x00000f14       0xe4 .\CortexM0\ARM_GCC_541\Debug\CARD.a(USB_UART_SPI_UART_INT.o)
                0x00000f14                USB_UART_SPI_UART_ISR
 .text.HMAC_partial
                0x00000ff8       0xc4 ..\..\2018-ectf-milestones-demo\Milestones Demo Workspace\strong-arm.cylib\CortexM0\ARM_GCC_541\Debug\strong-arm.a(hmac.o)
                0x00000ff8                HMAC_partial
 .text.HMAC     0x000010bc       0x20 ..\..\2018-ectf-milestones-demo\Milestones Demo Workspace\strong-arm.cylib\CortexM0\ARM_GCC_541\Debug\strong-arm.a(hmac.o)
                0x000010bc                HMAC
 .text.compress
                0x000010dc      0x190 ..\..\2018-ectf-milestones-demo\Milestones Demo Workspace\strong-arm.cylib\CortexM0\ARM_GCC_541\Debug\strong-arm.a(sha256.o)
 .text.SHA256   0x0000126c      0x104 ..\..\2018-ectf-milestones-demo\Milestones Demo Workspace\strong-arm.cylib\CortexM0\ARM_GCC_541\Debug\strong-arm.a(sha256.o)
                0x0000126c                SHA256
 .text.SHA256_partial
                0x00001370      0x11c ..\..\2018-ectf-milestones-demo\Milestones Demo Workspace\strong-arm.cylib\CortexM0\ARM_GCC_541\Debug\strong-arm.a(sha256.o)
                0x00001370                SHA256_partial
 .text.__errno  0x0000148c        0xc c:/program files (x86)/cypress/psoc creator/4.1/psoc creator/import/gnu/arm/5.4.1/bin/../lib/gcc/arm-none-eabi/5.4.1/../../../../arm-none-eabi/lib/armv6-m\libg_nano.a(lib_a-errno.o)
                0x0000148c                __errno
 .text.__libc_init_array
                0x00001498       0x4c c:/program files (x86)/cypress/psoc creator/4.1/psoc creator/import/gnu/arm/5.4.1/bin/../lib/gcc/arm-none-eabi/5.4.1/../../../../arm-none-eabi/lib/armv6-m\libg_nano.a(lib_a-init.o)
                0x00001498                __libc_init_array
 .text.memcpy   0x000014e4       0x12 c:/program files (x86)/cypress/psoc creator/4.1/psoc creator/import/gnu/arm/5.4.1/bin/../lib/gcc/arm-none-eabi/5.4.1/../../../../arm-none-eabi/lib/armv6-m\libg_nano.a(lib_a-memcpy-stub.o)
                0x000014e4                memcpy
 .text.memmove  0x000014f6       0x2a c:/program files (x86)/cypress/psoc creator/4.1/psoc creator/import/gnu/arm/5.4.1/bin/../lib/gcc/arm-none-eabi/5.4.1/../../../../arm-none-eabi/lib/armv6-m\libg_nano.a(lib_a-memmove.o)
                0x000014f6                memmove
 .text.memset   0x00001520       0x10 c:/program files (x86)/cypress/psoc creator/4.1/psoc creator/import/gnu/arm/5.4.1/bin/../lib/gcc/arm-none-eabi/5.4.1/../../../../arm-none-eabi/lib/armv6-m\libg_nano.a(lib_a-memset.o)
                0x00001520                memset
 .text          0x00001530       0x14 c:/program files (x86)/cypress/psoc creator/4.1/psoc creator/import/gnu/arm/5.4.1/bin/../lib/gcc/arm-none-eabi/5.4.1/../../../../arm-none-eabi/lib/armv6-m\libg_nano.a(lib_a-strcmp.o)
                0x00001530                strcmp
 .text          0x00001544        0xe c:/program files (x86)/cypress/psoc creator/4.1/psoc creator/import/gnu/arm/5.4.1/bin/../lib/gcc/arm-none-eabi/5.4.1/../../../../arm-none-eabi/lib/armv6-m\libg_nano.a(lib_a-strlen.o)
                0x00001544                strlen
 *(.plt)
 *(.gnu.warning)
 *(.glue_7t)
 .glue_7t       0x00001552        0x0 linker stubs
 *(.glue_7)
 .glue_7        0x00001552        0x0 linker stubs
 *(.vfp11_veneer)
 .vfp11_veneer  0x00001552        0x0 linker stubs
 *(.bootloader)
 *(.ARM.extab* .gnu.linkonce.armextab.*)
 *(.gcc_except_table)

.v4_bx          0x00001554        0x0
 .v4_bx         0x00001554        0x0 linker stubs

.iplt           0x00001554        0x0
 .iplt          0x00001554        0x0 c:/program files (x86)/cypress/psoc creator/4.1/psoc creator/import/gnu/arm/5.4.1/bin/../lib/gcc/arm-none-eabi/5.4.1/armv6-m/crtbegin.o

.eh_frame_hdr
 *(.eh_frame_hdr)

.eh_frame       0x00001554        0x4
 *(.eh_frame)
 .eh_frame      0x00001554        0x0 c:/program files (x86)/cypress/psoc creator/4.1/psoc creator/import/gnu/arm/5.4.1/bin/../lib/gcc/arm-none-eabi/5.4.1/armv6-m/crtbegin.o
 .eh_frame      0x00001554        0x4 c:/program files (x86)/cypress/psoc creator/4.1/psoc creator/import/gnu/arm/5.4.1/bin/../lib/gcc/arm-none-eabi/5.4.1/armv6-m/crtend.o
                [!provide]                PROVIDE (__exidx_start, .)

.ARM.exidx
 *(.ARM.exidx* .gnu.linkonce.armexidx.*)
                0x00001558                __exidx_end = .

.rodata         0x00001558      0x530
 *(.rodata .rodata.* .gnu.linkonce.r.*)
 .rodata        0x00001558       0x49 .\CortexM0\ARM_GCC_541\Debug\main.o
 *fill*         0x000015a1        0x3 
 .rodata.str1.4
                0x000015a4       0x23 .\CortexM0\ARM_GCC_541\Debug\main.o
 *fill*         0x000015c7        0x1 
 .rodata.str1.4
                0x000015c8       0x1c .\CortexM0\ARM_GCC_541\Debug\usbserialprotocol.o
                                 0x1b (size before relaxing)
 .rodata        0x000015e4      0x2f8 .\CortexM0\ARM_GCC_541\Debug\cyfitter_cfg.o
 .rodata        0x000018dc       0x2e .\CortexM0\ARM_GCC_541\Debug\CARD.a(CyLib.o)
                0x000018dc                cyImoFreqMhz2Reg
 *fill*         0x0000190a        0x2 
 .rodata        0x0000190c      0x140 ..\..\2018-ectf-milestones-demo\Milestones Demo Workspace\strong-arm.cylib\CortexM0\ARM_GCC_541\Debug\strong-arm.a(sha256.o)
 .rodata.str1.1
                0x00001a4c        0x2 c:/program files (x86)/cypress/psoc creator/4.1/psoc creator/import/gnu/arm/5.4.1/bin/../lib/gcc/arm-none-eabi/5.4.1/../../../../arm-none-eabi/lib/armv6-m\libg_nano.a(lib_a-impure.o)
                0x00001a50                . = ALIGN (0x4)
 *fill*         0x00001a4e        0x2 
 *(.init)
 .init          0x00001a50        0x4 c:/program files (x86)/cypress/psoc creator/4.1/psoc creator/import/gnu/arm/5.4.1/bin/../lib/gcc/arm-none-eabi/5.4.1/armv6-m/crti.o
                0x00001a50                _init
 .init          0x00001a54        0x8 c:/program files (x86)/cypress/psoc creator/4.1/psoc creator/import/gnu/arm/5.4.1/bin/../lib/gcc/arm-none-eabi/5.4.1/armv6-m/crtn.o
                0x00001a5c                . = ALIGN (0x4)
                0x00001a5c                __preinit_array_start = .
 *(.preinit_array)
                0x00001a5c                __preinit_array_end = .
                0x00001a5c                . = ALIGN (0x4)
                0x00001a5c                __init_array_start = .
 *(SORT(.init_array.*))
 *(.init_array)
 .init_array    0x00001a5c        0x4 c:/program files (x86)/cypress/psoc creator/4.1/psoc creator/import/gnu/arm/5.4.1/bin/../lib/gcc/arm-none-eabi/5.4.1/armv6-m/crtbegin.o
 .init_array    0x00001a60        0x4 .\CortexM0\ARM_GCC_541\Debug\Cm0Start.o
                0x00001a64                __init_array_end = .
                0x00001a64                . = ALIGN (0x4)
 *(.fini)
 .fini          0x00001a64        0x4 c:/program files (x86)/cypress/psoc creator/4.1/psoc creator/import/gnu/arm/5.4.1/bin/../lib/gcc/arm-none-eabi/5.4.1/armv6-m/crti.o
                0x00001a64                _fini
 .fini          0x00001a68        0x8 c:/program files (x86)/cypress/psoc creator/4.1/psoc creator/import/gnu/arm/5.4.1/bin/../lib/gcc/arm-none-eabi/5.4.1/armv6-m/crtn.o
                0x00001a70                . = ALIGN (0x4)
                0x00001a70                __fini_array_start = .
 *(.fini_array)
 .fini_array    0x00001a70        0x4 c:/program files (x86)/cypress/psoc creator/4.1/psoc creator/import/gnu/arm/5.4.1/bin/../lib/gcc/arm-none-eabi/5.4.1/armv6-m/crtbegin.o
 *(SORT(.fini_array.*))
                0x00001a74                __fini_array_end = .
                0x00001a74                . = ALIGN (0x4)
 *crtbegin.o(.ctors)
 *(EXCLUDE_FILE(*crtend.o) .ctors)
 *(SORT(.ctors.*))
 *crtend.o(.ctors)
                0x00001a74                . = ALIGN (0x4)
 *crtbegin.o(.dtors)
 *(EXCLUDE_FILE(*crtend.o) .dtors)
 *(SORT(.dtors.*))
 *crtend.o(.dtors)
                0x00001a74                . = ALIGN (0x4)
                0x00001a74                __cy_regions = .
                0x00001a74        0x4 LONG 0x1a88 __cy_region_init_ram
                0x00001a78        0x4 LONG 0x200000c0 __cy_region_start_data
                0x00001a7c        0x4 LONG 0x80 __cy_region_init_size_ram
                0x00001a80        0x4 LONG 0x160 __cy_region_zero_size_ram
                0x00001a84                __cy_regions_end = .
                0x00001a88                . = ALIGN (0x8)
 *fill*         0x00001a84        0x4 
                0x00001a88                _etext = .

.cy_checksum_exclude
                0x00001a88        0x0
 *(.cy_checksum_exclude)

.ramvectors     0x20000000       0xc0
                0x20000000                __cy_region_start_ram = .
 *(.ramvectors)
 .ramvectors    0x20000000       0xc0 .\CortexM0\ARM_GCC_541\Debug\Cm0Start.o
                0x20000000                CyRamVectors

.noinit
 *(.noinit)

.data           0x200000c0       0x80 load address 0x00001a88
                0x200000c0                __cy_region_start_data = .
 *(.jcr)
 .jcr           0x200000c0        0x0 c:/program files (x86)/cypress/psoc creator/4.1/psoc creator/import/gnu/arm/5.4.1/bin/../lib/gcc/arm-none-eabi/5.4.1/armv6-m/crtbegin.o
 .jcr           0x200000c0        0x4 c:/program files (x86)/cypress/psoc creator/4.1/psoc creator/import/gnu/arm/5.4.1/bin/../lib/gcc/arm-none-eabi/5.4.1/armv6-m/crtend.o
 *(.got.plt)
 *(.got)
 *(.shdata)
 *(.data .data.* .gnu.linkonce.d.*)
 .data          0x200000c4       0x14 .\CortexM0\ARM_GCC_541\Debug\CARD.a(CyLib.o)
                0x200000c4                CySysClkPumpConfig
                0x200000c8                cydelay32kMs
                0x200000cc                cydelayFreqKhz
                0x200000d0                cydelayFreqMhz
                0x200000d4                cydelayFreqHz
 .data          0x200000d8        0x4 .\CortexM0\ARM_GCC_541\Debug\CARD.a(CyLFClk.o)
 .data.impure_data
                0x200000dc       0x60 c:/program files (x86)/cypress/psoc creator/4.1/psoc creator/import/gnu/arm/5.4.1/bin/../lib/gcc/arm-none-eabi/5.4.1/../../../../arm-none-eabi/lib/armv6-m\libg_nano.a(lib_a-impure.o)
 .data._impure_ptr
                0x2000013c        0x4 c:/program files (x86)/cypress/psoc creator/4.1/psoc creator/import/gnu/arm/5.4.1/bin/../lib/gcc/arm-none-eabi/5.4.1/../../../../arm-none-eabi/lib/armv6-m\libg_nano.a(lib_a-impure.o)
                0x2000013c                _impure_ptr
                0x20000140                . = ALIGN (0x8)
 *(.ram)
                0x20000140                _edata = .

.igot.plt       0x20000140        0x0 load address 0x00001b08
 .igot.plt      0x20000140        0x0 c:/program files (x86)/cypress/psoc creator/4.1/psoc creator/import/gnu/arm/5.4.1/bin/../lib/gcc/arm-none-eabi/5.4.1/armv6-m/crtbegin.o

.bss            0x20000140      0x160 load address 0x00001b08
                0x20000140                PROVIDE (__bss_start__, .)
 *(.shbss)
 *(.bss .bss.* .gnu.linkonce.b.*)
 .bss           0x20000140       0x1c c:/program files (x86)/cypress/psoc creator/4.1/psoc creator/import/gnu/arm/5.4.1/bin/../lib/gcc/arm-none-eabi/5.4.1/armv6-m/crtbegin.o
 .bss           0x2000015c        0xa .\CortexM0\ARM_GCC_541\Debug\CARD.a(USB_UART.o)
                0x2000015c                USB_UART_initVar
                0x20000160                USB_UART_customIntrHandler
                0x20000164                USB_UART_IntrTxMask
 *fill*         0x20000166        0x2 
 .bss           0x20000168        0x4 .\CortexM0\ARM_GCC_541\Debug\CARD.a(CyFlash.o)
 .bss           0x2000016c       0x20 .\CortexM0\ARM_GCC_541\Debug\CARD.a(CyLFClk.o)
 *(COMMON)
 COMMON         0x2000018c      0x112 .\CortexM0\ARM_GCC_541\Debug\CARD.a(USB_UART_SPI_UART.o)
                0x2000018c                USB_UART_txBufferTail
                0x20000190                USB_UART_rxBufferTail
                0x20000194                USB_UART_txBufferInternal
                0x20000214                USB_UART_rxBufferHead
                0x20000218                USB_UART_txBufferHead
                0x2000021c                USB_UART_rxBufferInternal
                0x2000029d                USB_UART_rxBufferOverflow
                0x200002a0                . = ALIGN (0x8)
 *fill*         0x2000029e        0x2 
 *(.ram.b)
                0x200002a0                _end = .
                0x200002a0                __end = .
                0x200002a0                PROVIDE (end, .)
                0x200002a0                PROVIDE (__bss_end__, .)
                0x00001a88                __cy_region_init_ram = LOADADDR (.data)
                0x00000080                __cy_region_init_size_ram = (_edata - ADDR (.data))
                0x00000160                __cy_region_zero_size_ram = (_end - _edata)

.heap           0x200002a0      0x1f0 load address 0x00001b08
                0x200002a0                . = _end
                0x20000490                . = (. + 0x1f0)
 *fill*         0x200002a0      0x1f0 
                0x20000490                __cy_heap_limit = .

.stack          0x20000c00      0x400
                0x20000c00                __cy_stack_limit = .
                0x20001000                . = (. + 0x400)
 *fill*         0x20000c00      0x400 
                0x00000001                ASSERT ((__cy_stack_limit >= __cy_heap_limit), region RAM overflowed with stack)
                0x00000000                cy_checksum_exclude_size = (CY_APPL_LOADABLE == 0x1)?SIZEOF (.cy_checksum_exclude):0x0
                0x00000001                ASSERT ((cy_checksum_exclude_size <= CY_CHECKSUM_EXCLUDE_SIZE), CY_BOOT: Section .cy_checksum_exclude size exceedes specified limit.)
                0x00007fc0                cyloadermeta_start = (cy_project_type_bootloader || cy_project_type_app_for_stack_and_copier)?(LENGTH (rom) - CY_METADATA_SIZE):0xf0000000

.cyloadermeta
 *(.cyloadermeta)
                0x00007fc0                cyloadablemeta_start = cy_project_type_app_for_stack_and_copier?((LENGTH (rom) - CY_FLASH_ROW_SIZE) - CY_METADATA_SIZE):((LENGTH (rom) - (CY_FLASH_ROW_SIZE * (CY_APPL_NUM - 0x1))) - CY_METADATA_SIZE)

.cyloadablemeta
 *(.cyloadablemeta)

.cyflashprotect
                0x90400000       0x20
 *(.cyflashprotect)
 .cyflashprotect
                0x90400000       0x20 .\CortexM0\ARM_GCC_541\Debug\cymetadata.o
                0x90400000                cy_meta_flashprotect

.cymeta         0x90500000        0xc
 *(.cymeta)
 .cymeta        0x90500000        0xc .\CortexM0\ARM_GCC_541\Debug\cymetadata.o
                0x90500000                cy_metadata

.cychipprotect  0x90600000        0x1
 *(.cychipprotect)
 .cychipprotect
                0x90600000        0x1 .\CortexM0\ARM_GCC_541\Debug\cymetadata.o
                0x90600000                cy_meta_chipprotect

.rel.dyn        0x00001b08        0x0 load address 0x90600004
 .rel.iplt      0x00001b08        0x0 c:/program files (x86)/cypress/psoc creator/4.1/psoc creator/import/gnu/arm/5.4.1/bin/../lib/gcc/arm-none-eabi/5.4.1/armv6-m/crtbegin.o

.stab
 *(.stab)

.stabstr
 *(.stabstr)

.debug
 *(.debug)

.line
 *(.line)

.debug_srcinfo
 *(.debug_srcinfo)

.debug_sfnames
 *(.debug_sfnames)

.debug_aranges  0x00000000      0x6c8
 *(.debug_aranges)
 .debug_aranges
                0x00000000       0x40 .\CortexM0\ARM_GCC_541\Debug\main.o
 .debug_aranges
                0x00000040       0x38 .\CortexM0\ARM_GCC_541\Debug\usbserialprotocol.o
 .debug_aranges
                0x00000078       0x40 .\CortexM0\ARM_GCC_541\Debug\cyfitter_cfg.o
 .debug_aranges
                0x000000b8       0x18 .\CortexM0\ARM_GCC_541\Debug\cymetadata.o
 .debug_aranges
                0x000000d0       0x48 .\CortexM0\ARM_GCC_541\Debug\Cm0Start.o
 .debug_aranges
                0x00000118       0x30 .\CortexM0\ARM_GCC_541\Debug\CARD.a(USER_INFO.o)
 .debug_aranges
                0x00000148       0x70 .\CortexM0\ARM_GCC_541\Debug\CARD.a(USB_UART.o)
 .debug_aranges
                0x000001b8       0x60 .\CortexM0\ARM_GCC_541\Debug\CARD.a(USB_UART_SPI_UART.o)
 .debug_aranges
                0x00000218       0x60 .\CortexM0\ARM_GCC_541\Debug\CARD.a(USB_UART_UART.o)
 .debug_aranges
                0x00000278       0x80 .\CortexM0\ARM_GCC_541\Debug\CARD.a(Reset_isr.o)
 .debug_aranges
                0x000002f8       0x48 .\CortexM0\ARM_GCC_541\Debug\CARD.a(SW1.o)
 .debug_aranges
                0x00000340       0x38 .\CortexM0\ARM_GCC_541\Debug\CARD.a(CyFlash.o)
 .debug_aranges
                0x00000378      0x180 .\CortexM0\ARM_GCC_541\Debug\CARD.a(CyLib.o)
 .debug_aranges
                0x000004f8      0x138 .\CortexM0\ARM_GCC_541\Debug\CARD.a(CyLFClk.o)
 .debug_aranges
                0x00000630       0x20 .\CortexM0\ARM_GCC_541\Debug\CARD.a(CyBootAsmGnu.o)
 .debug_aranges
                0x00000650       0x20 .\CortexM0\ARM_GCC_541\Debug\CARD.a(USB_UART_SPI_UART_INT.o)
 .debug_aranges
                0x00000670       0x28 ..\..\2018-ectf-milestones-demo\Milestones Demo Workspace\strong-arm.cylib\CortexM0\ARM_GCC_541\Debug\strong-arm.a(hmac.o)
 .debug_aranges
                0x00000698       0x30 ..\..\2018-ectf-milestones-demo\Milestones Demo Workspace\strong-arm.cylib\CortexM0\ARM_GCC_541\Debug\strong-arm.a(sha256.o)

.debug_pubnames
 *(.debug_pubnames)

.debug_info     0x00000000     0x4c0c
 *(.debug_info .gnu.linkonce.wi.*)
 .debug_info    0x00000000      0x616 .\CortexM0\ARM_GCC_541\Debug\main.o
 .debug_info    0x00000616      0x2f9 .\CortexM0\ARM_GCC_541\Debug\usbserialprotocol.o
 .debug_info    0x0000090f      0x51a .\CortexM0\ARM_GCC_541\Debug\cyfitter_cfg.o
 .debug_info    0x00000e29       0xf8 .\CortexM0\ARM_GCC_541\Debug\cymetadata.o
 .debug_info    0x00000f21      0x39c .\CortexM0\ARM_GCC_541\Debug\Cm0Start.o
 .debug_info    0x000012bd      0x1e0 .\CortexM0\ARM_GCC_541\Debug\CARD.a(USER_INFO.o)
 .debug_info    0x0000149d      0x2fb .\CortexM0\ARM_GCC_541\Debug\CARD.a(USB_UART.o)
 .debug_info    0x00001798      0x372 .\CortexM0\ARM_GCC_541\Debug\CARD.a(USB_UART_SPI_UART.o)
 .debug_info    0x00001b0a      0x3b1 .\CortexM0\ARM_GCC_541\Debug\CARD.a(USB_UART_UART.o)
 .debug_info    0x00001ebb      0x305 .\CortexM0\ARM_GCC_541\Debug\CARD.a(Reset_isr.o)
 .debug_info    0x000021c0      0x19d .\CortexM0\ARM_GCC_541\Debug\CARD.a(SW1.o)
 .debug_info    0x0000235d      0x33d .\CortexM0\ARM_GCC_541\Debug\CARD.a(CyFlash.o)
 .debug_info    0x0000269a      0xb0b .\CortexM0\ARM_GCC_541\Debug\CARD.a(CyLib.o)
 .debug_info    0x000031a5      0xcfe .\CortexM0\ARM_GCC_541\Debug\CARD.a(CyLFClk.o)
 .debug_info    0x00003ea3       0x9e .\CortexM0\ARM_GCC_541\Debug\CARD.a(CyBootAsmGnu.o)
 .debug_info    0x00003f41      0x186 .\CortexM0\ARM_GCC_541\Debug\CARD.a(USB_UART_SPI_UART_INT.o)
 .debug_info    0x000040c7      0x45f ..\..\2018-ectf-milestones-demo\Milestones Demo Workspace\strong-arm.cylib\CortexM0\ARM_GCC_541\Debug\strong-arm.a(hmac.o)
 .debug_info    0x00004526      0x6e6 ..\..\2018-ectf-milestones-demo\Milestones Demo Workspace\strong-arm.cylib\CortexM0\ARM_GCC_541\Debug\strong-arm.a(sha256.o)

.debug_abbrev   0x00000000     0x170e
 *(.debug_abbrev)
 .debug_abbrev  0x00000000      0x18c .\CortexM0\ARM_GCC_541\Debug\main.o
 .debug_abbrev  0x0000018c      0x127 .\CortexM0\ARM_GCC_541\Debug\usbserialprotocol.o
 .debug_abbrev  0x000002b3      0x1d4 .\CortexM0\ARM_GCC_541\Debug\cyfitter_cfg.o
 .debug_abbrev  0x00000487       0x5d .\CortexM0\ARM_GCC_541\Debug\cymetadata.o
 .debug_abbrev  0x000004e4      0x1d7 .\CortexM0\ARM_GCC_541\Debug\Cm0Start.o
 .debug_abbrev  0x000006bb       0xf8 .\CortexM0\ARM_GCC_541\Debug\CARD.a(USER_INFO.o)
 .debug_abbrev  0x000007b3      0x130 .\CortexM0\ARM_GCC_541\Debug\CARD.a(USB_UART.o)
 .debug_abbrev  0x000008e3      0x168 .\CortexM0\ARM_GCC_541\Debug\CARD.a(USB_UART_SPI_UART.o)
 .debug_abbrev  0x00000a4b      0x136 .\CortexM0\ARM_GCC_541\Debug\CARD.a(USB_UART_UART.o)
 .debug_abbrev  0x00000b81      0x19a .\CortexM0\ARM_GCC_541\Debug\CARD.a(Reset_isr.o)
 .debug_abbrev  0x00000d1b       0xc8 .\CortexM0\ARM_GCC_541\Debug\CARD.a(SW1.o)
 .debug_abbrev  0x00000de3      0x19c .\CortexM0\ARM_GCC_541\Debug\CARD.a(CyFlash.o)
 .debug_abbrev  0x00000f7f      0x1e0 .\CortexM0\ARM_GCC_541\Debug\CARD.a(CyLib.o)
 .debug_abbrev  0x0000115f      0x210 .\CortexM0\ARM_GCC_541\Debug\CARD.a(CyLFClk.o)
 .debug_abbrev  0x0000136f       0x14 .\CortexM0\ARM_GCC_541\Debug\CARD.a(CyBootAsmGnu.o)
 .debug_abbrev  0x00001383       0x9a .\CortexM0\ARM_GCC_541\Debug\CARD.a(USB_UART_SPI_UART_INT.o)
 .debug_abbrev  0x0000141d      0x14b ..\..\2018-ectf-milestones-demo\Milestones Demo Workspace\strong-arm.cylib\CortexM0\ARM_GCC_541\Debug\strong-arm.a(hmac.o)
 .debug_abbrev  0x00001568      0x1a6 ..\..\2018-ectf-milestones-demo\Milestones Demo Workspace\strong-arm.cylib\CortexM0\ARM_GCC_541\Debug\strong-arm.a(sha256.o)

.debug_line     0x00000000     0x2189
 *(.debug_line)
 .debug_line    0x00000000      0x2e8 .\CortexM0\ARM_GCC_541\Debug\main.o
 .debug_line    0x000002e8      0x15a .\CortexM0\ARM_GCC_541\Debug\usbserialprotocol.o
 .debug_line    0x00000442      0x19f .\CortexM0\ARM_GCC_541\Debug\cyfitter_cfg.o
 .debug_line    0x000005e1      0x141 .\CortexM0\ARM_GCC_541\Debug\cymetadata.o
 .debug_line    0x00000722      0x235 .\CortexM0\ARM_GCC_541\Debug\Cm0Start.o
 .debug_line    0x00000957       0xcd .\CortexM0\ARM_GCC_541\Debug\CARD.a(USER_INFO.o)
 .debug_line    0x00000a24      0x163 .\CortexM0\ARM_GCC_541\Debug\CARD.a(USB_UART.o)
 .debug_line    0x00000b87      0x156 .\CortexM0\ARM_GCC_541\Debug\CARD.a(USB_UART_SPI_UART.o)
 .debug_line    0x00000cdd      0x184 .\CortexM0\ARM_GCC_541\Debug\CARD.a(USB_UART_UART.o)
 .debug_line    0x00000e61      0x151 .\CortexM0\ARM_GCC_541\Debug\CARD.a(Reset_isr.o)
 .debug_line    0x00000fb2       0xbb .\CortexM0\ARM_GCC_541\Debug\CARD.a(SW1.o)
 .debug_line    0x0000106d      0x18d .\CortexM0\ARM_GCC_541\Debug\CARD.a(CyFlash.o)
 .debug_line    0x000011fa      0x460 .\CortexM0\ARM_GCC_541\Debug\CARD.a(CyLib.o)
 .debug_line    0x0000165a      0x466 .\CortexM0\ARM_GCC_541\Debug\CARD.a(CyLFClk.o)
 .debug_line    0x00001ac0       0x69 .\CortexM0\ARM_GCC_541\Debug\CARD.a(CyBootAsmGnu.o)
 .debug_line    0x00001b29       0xba .\CortexM0\ARM_GCC_541\Debug\CARD.a(USB_UART_SPI_UART_INT.o)
 .debug_line    0x00001be3      0x2b8 ..\..\2018-ectf-milestones-demo\Milestones Demo Workspace\strong-arm.cylib\CortexM0\ARM_GCC_541\Debug\strong-arm.a(hmac.o)
 .debug_line    0x00001e9b      0x2ee ..\..\2018-ectf-milestones-demo\Milestones Demo Workspace\strong-arm.cylib\CortexM0\ARM_GCC_541\Debug\strong-arm.a(sha256.o)

.debug_frame    0x00000000     0x13f0
 *(.debug_frame)
 .debug_frame   0x00000000       0x9c .\CortexM0\ARM_GCC_541\Debug\main.o
 .debug_frame   0x0000009c       0x90 .\CortexM0\ARM_GCC_541\Debug\usbserialprotocol.o
 .debug_frame   0x0000012c       0xac .\CortexM0\ARM_GCC_541\Debug\cyfitter_cfg.o
 .debug_frame   0x000001d8       0xbc .\CortexM0\ARM_GCC_541\Debug\Cm0Start.o
 .debug_frame   0x00000294       0x60 .\CortexM0\ARM_GCC_541\Debug\CARD.a(USER_INFO.o)
 .debug_frame   0x000002f4      0x114 .\CortexM0\ARM_GCC_541\Debug\CARD.a(USB_UART.o)
 .debug_frame   0x00000408       0xc8 .\CortexM0\ARM_GCC_541\Debug\CARD.a(USB_UART_SPI_UART.o)
 .debug_frame   0x000004d0       0xe0 .\CortexM0\ARM_GCC_541\Debug\CARD.a(USB_UART_UART.o)
 .debug_frame   0x000005b0      0x110 .\CortexM0\ARM_GCC_541\Debug\CARD.a(Reset_isr.o)
 .debug_frame   0x000006c0       0x70 .\CortexM0\ARM_GCC_541\Debug\CARD.a(SW1.o)
 .debug_frame   0x00000730       0x74 .\CortexM0\ARM_GCC_541\Debug\CARD.a(CyFlash.o)
 .debug_frame   0x000007a4      0x3e0 .\CortexM0\ARM_GCC_541\Debug\CARD.a(CyLib.o)
 .debug_frame   0x00000b84      0x3a8 .\CortexM0\ARM_GCC_541\Debug\CARD.a(CyLFClk.o)
 .debug_frame   0x00000f2c       0x2c .\CortexM0\ARM_GCC_541\Debug\CARD.a(USB_UART_SPI_UART_INT.o)
 .debug_frame   0x00000f58       0x58 ..\..\2018-ectf-milestones-demo\Milestones Demo Workspace\strong-arm.cylib\CortexM0\ARM_GCC_541\Debug\strong-arm.a(hmac.o)
 .debug_frame   0x00000fb0       0x98 ..\..\2018-ectf-milestones-demo\Milestones Demo Workspace\strong-arm.cylib\CortexM0\ARM_GCC_541\Debug\strong-arm.a(sha256.o)
 .debug_frame   0x00001048       0x20 c:/program files (x86)/cypress/psoc creator/4.1/psoc creator/import/gnu/arm/5.4.1/bin/../lib/gcc/arm-none-eabi/5.4.1/armv6-m\libgcc.a(_udivsi3.o)
 .debug_frame   0x00001068       0x20 c:/program files (x86)/cypress/psoc creator/4.1/psoc creator/import/gnu/arm/5.4.1/bin/../lib/gcc/arm-none-eabi/5.4.1/../../../../arm-none-eabi/lib/armv6-m\libg_nano.a(lib_a-errno.o)
 .debug_frame   0x00001088       0x28 c:/program files (x86)/cypress/psoc creator/4.1/psoc creator/import/gnu/arm/5.4.1/bin/../lib/gcc/arm-none-eabi/5.4.1/../../../../arm-none-eabi/lib/armv6-m\libg_nano.a(lib_a-exit.o)
 .debug_frame   0x000010b0       0x2c c:/program files (x86)/cypress/psoc creator/4.1/psoc creator/import/gnu/arm/5.4.1/bin/../lib/gcc/arm-none-eabi/5.4.1/../../../../arm-none-eabi/lib/armv6-m\libg_nano.a(lib_a-init.o)
 .debug_frame   0x000010dc       0x28 c:/program files (x86)/cypress/psoc creator/4.1/psoc creator/import/gnu/arm/5.4.1/bin/../lib/gcc/arm-none-eabi/5.4.1/../../../../arm-none-eabi/lib/armv6-m\libg_nano.a(lib_a-memcpy-stub.o)
 .debug_frame   0x00001104       0x28 c:/program files (x86)/cypress/psoc creator/4.1/psoc creator/import/gnu/arm/5.4.1/bin/../lib/gcc/arm-none-eabi/5.4.1/../../../../arm-none-eabi/lib/armv6-m\libg_nano.a(lib_a-memmove.o)
 .debug_frame   0x0000112c       0x20 c:/program files (x86)/cypress/psoc creator/4.1/psoc creator/import/gnu/arm/5.4.1/bin/../lib/gcc/arm-none-eabi/5.4.1/../../../../arm-none-eabi/lib/armv6-m\libg_nano.a(lib_a-memset.o)
 .debug_frame   0x0000114c       0x50 c:/program files (x86)/cypress/psoc creator/4.1/psoc creator/import/gnu/arm/5.4.1/bin/../lib/gcc/arm-none-eabi/5.4.1/../../../../arm-none-eabi/lib/armv6-m\libg_nano.a(lib_a-sprintf.o)
 .debug_frame   0x0000119c       0x20 c:/program files (x86)/cypress/psoc creator/4.1/psoc creator/import/gnu/arm/5.4.1/bin/../lib/gcc/arm-none-eabi/5.4.1/../../../../arm-none-eabi/lib/armv6-m\libg_nano.a(lib_a-strcmp.o)
 .debug_frame   0x000011bc       0x74 c:/program files (x86)/cypress/psoc creator/4.1/psoc creator/import/gnu/arm/5.4.1/bin/../lib/gcc/arm-none-eabi/5.4.1/../../../../arm-none-eabi/lib/armv6-m\libg_nano.a(lib_a-nano-svfprintf.o)
 .debug_frame   0x00001230       0x54 c:/program files (x86)/cypress/psoc creator/4.1/psoc creator/import/gnu/arm/5.4.1/bin/../lib/gcc/arm-none-eabi/5.4.1/../../../../arm-none-eabi/lib/armv6-m\libg_nano.a(lib_a-nano-vfprintf_i.o)
 .debug_frame   0x00001284       0x20 c:/program files (x86)/cypress/psoc creator/4.1/psoc creator/import/gnu/arm/5.4.1/bin/../lib/gcc/arm-none-eabi/5.4.1/../../../../arm-none-eabi/lib/armv6-m\libg_nano.a(lib_a-memchr-stub.o)
 .debug_frame   0x000012a4       0x2c c:/program files (x86)/cypress/psoc creator/4.1/psoc creator/import/gnu/arm/5.4.1/bin/../lib/gcc/arm-none-eabi/5.4.1/../../../../arm-none-eabi/lib/armv6-m\libg_nano.a(lib_a-nano-freer.o)
 .debug_frame   0x000012d0       0x2c c:/program files (x86)/cypress/psoc creator/4.1/psoc creator/import/gnu/arm/5.4.1/bin/../lib/gcc/arm-none-eabi/5.4.1/../../../../arm-none-eabi/lib/armv6-m\libg_nano.a(lib_a-nano-mallocr.o)
 .debug_frame   0x000012fc       0x30 c:/program files (x86)/cypress/psoc creator/4.1/psoc creator/import/gnu/arm/5.4.1/bin/../lib/gcc/arm-none-eabi/5.4.1/../../../../arm-none-eabi/lib/armv6-m\libg_nano.a(lib_a-nano-reallocr.o)
 .debug_frame   0x0000132c       0x2c c:/program files (x86)/cypress/psoc creator/4.1/psoc creator/import/gnu/arm/5.4.1/bin/../lib/gcc/arm-none-eabi/5.4.1/../../../../arm-none-eabi/lib/armv6-m\libg_nano.a(lib_a-sbrkr.o)
 .debug_frame   0x00001358       0x30 c:/program files (x86)/cypress/psoc creator/4.1/psoc creator/import/gnu/arm/5.4.1/bin/../lib/gcc/arm-none-eabi/5.4.1/../../../../arm-none-eabi/lib/armv6-m\libg_nano.a(lib_a-mlock.o)
 .debug_frame   0x00001388       0x20 c:/program files (x86)/cypress/psoc creator/4.1/psoc creator/import/gnu/arm/5.4.1/bin/../lib/gcc/arm-none-eabi/5.4.1/../../../../arm-none-eabi/lib/armv6-m\libg_nano.a(lib_a-nano-msizer.o)
 .debug_frame   0x000013a8       0x48 c:/program files (x86)/cypress/psoc creator/4.1/psoc creator/import/gnu/arm/5.4.1/bin/../lib/gcc/arm-none-eabi/5.4.1/../../../../arm-none-eabi/lib/armv6-m\libg_nano.a(lib_a-reent.o)

.debug_str      0x00000000     0x19a8
 *(.debug_str)
 .debug_str     0x00000000      0x29b .\CortexM0\ARM_GCC_541\Debug\main.o
                                0x2f1 (size before relaxing)
 .debug_str     0x0000029b       0x93 .\CortexM0\ARM_GCC_541\Debug\usbserialprotocol.o
                                0x252 (size before relaxing)
 .debug_str     0x0000032e      0x170 .\CortexM0\ARM_GCC_541\Debug\cyfitter_cfg.o
                                0x339 (size before relaxing)
 .debug_str     0x0000049e       0x59 .\CortexM0\ARM_GCC_541\Debug\cymetadata.o
                                0x1cd (size before relaxing)
 .debug_str     0x000004f7      0x13a .\CortexM0\ARM_GCC_541\Debug\Cm0Start.o
                                0x306 (size before relaxing)
 .debug_str     0x00000631       0xa9 .\CortexM0\ARM_GCC_541\Debug\CARD.a(USER_INFO.o)
                                0x25b (size before relaxing)
 .debug_str     0x000006da      0x1c4 .\CortexM0\ARM_GCC_541\Debug\CARD.a(USB_UART.o)
                                0x379 (size before relaxing)
 .debug_str     0x0000089e      0x1d7 .\CortexM0\ARM_GCC_541\Debug\CARD.a(USB_UART_SPI_UART.o)
                                0x3ca (size before relaxing)
 .debug_str     0x00000a75       0xf1 .\CortexM0\ARM_GCC_541\Debug\CARD.a(USB_UART_UART.o)
                                0x3f0 (size before relaxing)
 .debug_str     0x00000b66      0x160 .\CortexM0\ARM_GCC_541\Debug\CARD.a(Reset_isr.o)
                                0x327 (size before relaxing)
 .debug_str     0x00000cc6       0x8f .\CortexM0\ARM_GCC_541\Debug\CARD.a(SW1.o)
                                0x22d (size before relaxing)
 .debug_str     0x00000d55      0x133 .\CortexM0\ARM_GCC_541\Debug\CARD.a(CyFlash.o)
                                0x333 (size before relaxing)
 .debug_str     0x00000e88      0x44e .\CortexM0\ARM_GCC_541\Debug\CARD.a(CyLib.o)
                                0x6c9 (size before relaxing)
 .debug_str     0x000012d6      0x51d .\CortexM0\ARM_GCC_541\Debug\CARD.a(CyLFClk.o)
                                0x742 (size before relaxing)
 .debug_str     0x000017f3       0x45 .\CortexM0\ARM_GCC_541\Debug\CARD.a(USB_UART_SPI_UART_INT.o)
                                0x2b6 (size before relaxing)
 .debug_str     0x00001838      0x129 ..\..\2018-ectf-milestones-demo\Milestones Demo Workspace\strong-arm.cylib\CortexM0\ARM_GCC_541\Debug\strong-arm.a(hmac.o)
                                0x289 (size before relaxing)
 .debug_str     0x00001961       0x47 ..\..\2018-ectf-milestones-demo\Milestones Demo Workspace\strong-arm.cylib\CortexM0\ARM_GCC_541\Debug\strong-arm.a(sha256.o)
                                0x26e (size before relaxing)

.debug_loc      0x00000000     0x2746
 *(.debug_loc)
 .debug_loc     0x00000000      0x14e .\CortexM0\ARM_GCC_541\Debug\main.o
 .debug_loc     0x0000014e      0x10d .\CortexM0\ARM_GCC_541\Debug\usbserialprotocol.o
 .debug_loc     0x0000025b      0x1fe .\CortexM0\ARM_GCC_541\Debug\cyfitter_cfg.o
 .debug_loc     0x00000459      0x14f .\CortexM0\ARM_GCC_541\Debug\Cm0Start.o
 .debug_loc     0x000005a8      0x1c2 .\CortexM0\ARM_GCC_541\Debug\CARD.a(USER_INFO.o)
 .debug_loc     0x0000076a       0x7e .\CortexM0\ARM_GCC_541\Debug\CARD.a(USB_UART.o)
 .debug_loc     0x000007e8      0x170 .\CortexM0\ARM_GCC_541\Debug\CARD.a(USB_UART_SPI_UART.o)
 .debug_loc     0x00000958      0x184 .\CortexM0\ARM_GCC_541\Debug\CARD.a(USB_UART_UART.o)
 .debug_loc     0x00000adc       0x82 .\CortexM0\ARM_GCC_541\Debug\CARD.a(Reset_isr.o)
 .debug_loc     0x00000b5e       0xa2 .\CortexM0\ARM_GCC_541\Debug\CARD.a(SW1.o)
 .debug_loc     0x00000c00      0x21f .\CortexM0\ARM_GCC_541\Debug\CARD.a(CyFlash.o)
 .debug_loc     0x00000e1f      0x5cb .\CortexM0\ARM_GCC_541\Debug\CARD.a(CyLib.o)
 .debug_loc     0x000013ea      0x9b5 .\CortexM0\ARM_GCC_541\Debug\CARD.a(CyLFClk.o)
 .debug_loc     0x00001d9f       0x3d .\CortexM0\ARM_GCC_541\Debug\CARD.a(USB_UART_SPI_UART_INT.o)
 .debug_loc     0x00001ddc      0x1d2 ..\..\2018-ectf-milestones-demo\Milestones Demo Workspace\strong-arm.cylib\CortexM0\ARM_GCC_541\Debug\strong-arm.a(hmac.o)
 .debug_loc     0x00001fae      0x798 ..\..\2018-ectf-milestones-demo\Milestones Demo Workspace\strong-arm.cylib\CortexM0\ARM_GCC_541\Debug\strong-arm.a(sha256.o)

.debug_macinfo
 *(.debug_macinfo)

.debug_ranges   0x00000000      0x5f0
 *(.debug_ranges)
 .debug_ranges  0x00000000       0x30 .\CortexM0\ARM_GCC_541\Debug\main.o
 .debug_ranges  0x00000030       0x28 .\CortexM0\ARM_GCC_541\Debug\usbserialprotocol.o
 .debug_ranges  0x00000058       0x30 .\CortexM0\ARM_GCC_541\Debug\cyfitter_cfg.o
 .debug_ranges  0x00000088       0x38 .\CortexM0\ARM_GCC_541\Debug\Cm0Start.o
 .debug_ranges  0x000000c0       0x20 .\CortexM0\ARM_GCC_541\Debug\CARD.a(USER_INFO.o)
 .debug_ranges  0x000000e0       0x60 .\CortexM0\ARM_GCC_541\Debug\CARD.a(USB_UART.o)
 .debug_ranges  0x00000140       0x50 .\CortexM0\ARM_GCC_541\Debug\CARD.a(USB_UART_SPI_UART.o)
 .debug_ranges  0x00000190       0x50 .\CortexM0\ARM_GCC_541\Debug\CARD.a(USB_UART_UART.o)
 .debug_ranges  0x000001e0       0x70 .\CortexM0\ARM_GCC_541\Debug\CARD.a(Reset_isr.o)
 .debug_ranges  0x00000250       0x38 .\CortexM0\ARM_GCC_541\Debug\CARD.a(SW1.o)
 .debug_ranges  0x00000288       0x28 .\CortexM0\ARM_GCC_541\Debug\CARD.a(CyFlash.o)
 .debug_ranges  0x000002b0      0x170 .\CortexM0\ARM_GCC_541\Debug\CARD.a(CyLib.o)
 .debug_ranges  0x00000420      0x128 .\CortexM0\ARM_GCC_541\Debug\CARD.a(CyLFClk.o)
 .debug_ranges  0x00000548       0x10 .\CortexM0\ARM_GCC_541\Debug\CARD.a(USB_UART_SPI_UART_INT.o)
 .debug_ranges  0x00000558       0x30 ..\..\2018-ectf-milestones-demo\Milestones Demo Workspace\strong-arm.cylib\CortexM0\ARM_GCC_541\Debug\strong-arm.a(hmac.o)
 .debug_ranges  0x00000588       0x68 ..\..\2018-ectf-milestones-demo\Milestones Demo Workspace\strong-arm.cylib\CortexM0\ARM_GCC_541\Debug\strong-arm.a(sha256.o)

.comment        0x00000000       0x6e
 .comment       0x00000000       0x6e .\CortexM0\ARM_GCC_541\Debug\main.o
                                 0x6f (size before relaxing)
 .comment       0x0000006e       0x6f .\CortexM0\ARM_GCC_541\Debug\usbserialprotocol.o
 .comment       0x0000006e       0x6f .\CortexM0\ARM_GCC_541\Debug\cyfitter_cfg.o
 .comment       0x0000006e       0x6f .\CortexM0\ARM_GCC_541\Debug\cymetadata.o
 .comment       0x0000006e       0x6f .\CortexM0\ARM_GCC_541\Debug\Cm0Start.o
 .comment       0x0000006e       0x6f .\CortexM0\ARM_GCC_541\Debug\CARD.a(USER_INFO.o)
 .comment       0x0000006e       0x6f .\CortexM0\ARM_GCC_541\Debug\CARD.a(USB_UART.o)
 .comment       0x0000006e       0x6f .\CortexM0\ARM_GCC_541\Debug\CARD.a(USB_UART_SPI_UART.o)
 .comment       0x0000006e       0x6f .\CortexM0\ARM_GCC_541\Debug\CARD.a(USB_UART_UART.o)
 .comment       0x0000006e       0x6f .\CortexM0\ARM_GCC_541\Debug\CARD.a(Reset_isr.o)
 .comment       0x0000006e       0x6f .\CortexM0\ARM_GCC_541\Debug\CARD.a(SW1.o)
 .comment       0x0000006e       0x6f .\CortexM0\ARM_GCC_541\Debug\CARD.a(CyFlash.o)
 .comment       0x0000006e       0x6f .\CortexM0\ARM_GCC_541\Debug\CARD.a(CyLib.o)
 .comment       0x0000006e       0x6f .\CortexM0\ARM_GCC_541\Debug\CARD.a(CyLFClk.o)
 .comment       0x0000006e       0x6f .\CortexM0\ARM_GCC_541\Debug\CARD.a(USB_UART_SPI_UART_INT.o)
 .comment       0x0000006e       0x6f ..\..\2018-ectf-milestones-demo\Milestones Demo Workspace\strong-arm.cylib\CortexM0\ARM_GCC_541\Debug\strong-arm.a(hmac.o)
 .comment       0x0000006e       0x6f ..\..\2018-ectf-milestones-demo\Milestones Demo Workspace\strong-arm.cylib\CortexM0\ARM_GCC_541\Debug\strong-arm.a(sha256.o)

.debug_weaknames
 *(.debug_weaknames)

.debug_funcnames
 *(.debug_funcnames)

.debug_typenames
 *(.debug_typenames)

.debug_varnames
 *(.debug_varnames)

.note.gnu.arm.ident
 *(.note.gnu.arm.ident)

.ARM.attributes
                0x00000000       0x28
 *(.ARM.attributes)
 .ARM.attributes
                0x00000000       0x1e c:/program files (x86)/cypress/psoc creator/4.1/psoc creator/import/gnu/arm/5.4.1/bin/../lib/gcc/arm-none-eabi/5.4.1/armv6-m/crti.o
 .ARM.attributes
                0x0000001e       0x2c c:/program files (x86)/cypress/psoc creator/4.1/psoc creator/import/gnu/arm/5.4.1/bin/../lib/gcc/arm-none-eabi/5.4.1/armv6-m/crtbegin.o
 .ARM.attributes
                0x0000004a       0x1b c:/program files (x86)/cypress/psoc creator/4.1/psoc creator/import/gnu/arm/5.4.1/bin/../lib/gcc/arm-none-eabi/5.4.1/../../../../arm-none-eabi/lib/armv6-m/crt0.o
 .ARM.attributes
                0x00000065       0x31 .\CortexM0\ARM_GCC_541\Debug\main.o
 .ARM.attributes
                0x00000096       0x31 .\CortexM0\ARM_GCC_541\Debug\usbserialprotocol.o
 .ARM.attributes
                0x000000c7       0x31 .\CortexM0\ARM_GCC_541\Debug\cyfitter_cfg.o
 .ARM.attributes
                0x000000f8       0x31 .\CortexM0\ARM_GCC_541\Debug\cymetadata.o
 .ARM.attributes
                0x00000129       0x31 .\CortexM0\ARM_GCC_541\Debug\Cm0Start.o
 .ARM.attributes
                0x0000015a       0x31 .\CortexM0\ARM_GCC_541\Debug\CARD.a(USER_INFO.o)
 .ARM.attributes
                0x0000018b       0x31 .\CortexM0\ARM_GCC_541\Debug\CARD.a(USB_UART.o)
 .ARM.attributes
                0x000001bc       0x31 .\CortexM0\ARM_GCC_541\Debug\CARD.a(USB_UART_SPI_UART.o)
 .ARM.attributes
                0x000001ed       0x31 .\CortexM0\ARM_GCC_541\Debug\CARD.a(USB_UART_UART.o)
 .ARM.attributes
                0x0000021e       0x31 .\CortexM0\ARM_GCC_541\Debug\CARD.a(Reset_isr.o)
 .ARM.attributes
                0x0000024f       0x31 .\CortexM0\ARM_GCC_541\Debug\CARD.a(SW1.o)
 .ARM.attributes
                0x00000280       0x31 .\CortexM0\ARM_GCC_541\Debug\CARD.a(CyFlash.o)
 .ARM.attributes
                0x000002b1       0x31 .\CortexM0\ARM_GCC_541\Debug\CARD.a(CyLib.o)
 .ARM.attributes
                0x000002e2       0x31 .\CortexM0\ARM_GCC_541\Debug\CARD.a(CyLFClk.o)
 .ARM.attributes
                0x00000313       0x21 .\CortexM0\ARM_GCC_541\Debug\CARD.a(CyBootAsmGnu.o)
 .ARM.attributes
                0x00000334       0x31 .\CortexM0\ARM_GCC_541\Debug\CARD.a(USB_UART_SPI_UART_INT.o)
 .ARM.attributes
                0x00000365       0x31 ..\..\2018-ectf-milestones-demo\Milestones Demo Workspace\strong-arm.cylib\CortexM0\ARM_GCC_541\Debug\strong-arm.a(hmac.o)
 .ARM.attributes
                0x00000396       0x31 ..\..\2018-ectf-milestones-demo\Milestones Demo Workspace\strong-arm.cylib\CortexM0\ARM_GCC_541\Debug\strong-arm.a(sha256.o)
 .ARM.attributes
                0x000003c7       0x1e c:/program files (x86)/cypress/psoc creator/4.1/psoc creator/import/gnu/arm/5.4.1/bin/../lib/gcc/arm-none-eabi/5.4.1/armv6-m\libgcc.a(_udivsi3.o)
 .ARM.attributes
                0x000003e5       0x1e c:/program files (x86)/cypress/psoc creator/4.1/psoc creator/import/gnu/arm/5.4.1/bin/../lib/gcc/arm-none-eabi/5.4.1/armv6-m\libgcc.a(_dvmd_tls.o)
 .ARM.attributes
                0x00000403       0x2c c:/program files (x86)/cypress/psoc creator/4.1/psoc creator/import/gnu/arm/5.4.1/bin/../lib/gcc/arm-none-eabi/5.4.1/../../../../arm-none-eabi/lib/armv6-m\libg_nano.a(lib_a-errno.o)
 .ARM.attributes
                0x0000042f       0x2c c:/program files (x86)/cypress/psoc creator/4.1/psoc creator/import/gnu/arm/5.4.1/bin/../lib/gcc/arm-none-eabi/5.4.1/../../../../arm-none-eabi/lib/armv6-m\libg_nano.a(lib_a-exit.o)
 .ARM.attributes
                0x0000045b       0x2c c:/program files (x86)/cypress/psoc creator/4.1/psoc creator/import/gnu/arm/5.4.1/bin/../lib/gcc/arm-none-eabi/5.4.1/../../../../arm-none-eabi/lib/armv6-m\libg_nano.a(lib_a-impure.o)
 .ARM.attributes
                0x00000487       0x2c c:/program files (x86)/cypress/psoc creator/4.1/psoc creator/import/gnu/arm/5.4.1/bin/../lib/gcc/arm-none-eabi/5.4.1/../../../../arm-none-eabi/lib/armv6-m\libg_nano.a(lib_a-init.o)
 .ARM.attributes
                0x000004b3       0x2c c:/program files (x86)/cypress/psoc creator/4.1/psoc creator/import/gnu/arm/5.4.1/bin/../lib/gcc/arm-none-eabi/5.4.1/../../../../arm-none-eabi/lib/armv6-m\libg_nano.a(lib_a-memcpy-stub.o)
 .ARM.attributes
                0x000004df       0x2c c:/program files (x86)/cypress/psoc creator/4.1/psoc creator/import/gnu/arm/5.4.1/bin/../lib/gcc/arm-none-eabi/5.4.1/../../../../arm-none-eabi/lib/armv6-m\libg_nano.a(lib_a-memmove.o)
 .ARM.attributes
                0x0000050b       0x2c c:/program files (x86)/cypress/psoc creator/4.1/psoc creator/import/gnu/arm/5.4.1/bin/../lib/gcc/arm-none-eabi/5.4.1/../../../../arm-none-eabi/lib/armv6-m\libg_nano.a(lib_a-memset.o)
 .ARM.attributes
                0x00000537       0x2c c:/program files (x86)/cypress/psoc creator/4.1/psoc creator/import/gnu/arm/5.4.1/bin/../lib/gcc/arm-none-eabi/5.4.1/../../../../arm-none-eabi/lib/armv6-m\libg_nano.a(lib_a-sprintf.o)
 .ARM.attributes
                0x00000563       0x1c c:/program files (x86)/cypress/psoc creator/4.1/psoc creator/import/gnu/arm/5.4.1/bin/../lib/gcc/arm-none-eabi/5.4.1/../../../../arm-none-eabi/lib/armv6-m\libg_nano.a(lib_a-strcmp.o)
 .ARM.attributes
                0x0000057f       0x1c c:/program files (x86)/cypress/psoc creator/4.1/psoc creator/import/gnu/arm/5.4.1/bin/../lib/gcc/arm-none-eabi/5.4.1/../../../../arm-none-eabi/lib/armv6-m\libg_nano.a(lib_a-strlen.o)
 .ARM.attributes
                0x0000059b       0x2c c:/program files (x86)/cypress/psoc creator/4.1/psoc creator/import/gnu/arm/5.4.1/bin/../lib/gcc/arm-none-eabi/5.4.1/../../../../arm-none-eabi/lib/armv6-m\libg_nano.a(lib_a-nano-svfprintf.o)
 .ARM.attributes
                0x000005c7       0x2c c:/program files (x86)/cypress/psoc creator/4.1/psoc creator/import/gnu/arm/5.4.1/bin/../lib/gcc/arm-none-eabi/5.4.1/../../../../arm-none-eabi/lib/armv6-m\libg_nano.a(lib_a-nano-vfprintf_i.o)
 .ARM.attributes
                0x000005f3       0x2c c:/program files (x86)/cypress/psoc creator/4.1/psoc creator/import/gnu/arm/5.4.1/bin/../lib/gcc/arm-none-eabi/5.4.1/../../../../arm-none-eabi/lib/armv6-m\libg_nano.a(lib_a-memchr-stub.o)
 .ARM.attributes
                0x0000061f       0x2c c:/program files (x86)/cypress/psoc creator/4.1/psoc creator/import/gnu/arm/5.4.1/bin/../lib/gcc/arm-none-eabi/5.4.1/../../../../arm-none-eabi/lib/armv6-m\libg_nano.a(lib_a-nano-freer.o)
 .ARM.attributes
                0x0000064b       0x2c c:/program files (x86)/cypress/psoc creator/4.1/psoc creator/import/gnu/arm/5.4.1/bin/../lib/gcc/arm-none-eabi/5.4.1/../../../../arm-none-eabi/lib/armv6-m\libg_nano.a(lib_a-nano-mallocr.o)
 .ARM.attributes
                0x00000677       0x2c c:/program files (x86)/cypress/psoc creator/4.1/psoc creator/import/gnu/arm/5.4.1/bin/../lib/gcc/arm-none-eabi/5.4.1/../../../../arm-none-eabi/lib/armv6-m\libg_nano.a(lib_a-nano-reallocr.o)
 .ARM.attributes
                0x000006a3       0x2c c:/program files (x86)/cypress/psoc creator/4.1/psoc creator/import/gnu/arm/5.4.1/bin/../lib/gcc/arm-none-eabi/5.4.1/../../../../arm-none-eabi/lib/armv6-m\libg_nano.a(lib_a-sbrkr.o)
 .ARM.attributes
                0x000006cf       0x2c c:/program files (x86)/cypress/psoc creator/4.1/psoc creator/import/gnu/arm/5.4.1/bin/../lib/gcc/arm-none-eabi/5.4.1/../../../../arm-none-eabi/lib/armv6-m\libg_nano.a(lib_a-mlock.o)
 .ARM.attributes
                0x000006fb       0x2c c:/program files (x86)/cypress/psoc creator/4.1/psoc creator/import/gnu/arm/5.4.1/bin/../lib/gcc/arm-none-eabi/5.4.1/../../../../arm-none-eabi/lib/armv6-m\libg_nano.a(lib_a-nano-msizer.o)
 .ARM.attributes
                0x00000727       0x2c c:/program files (x86)/cypress/psoc creator/4.1/psoc creator/import/gnu/arm/5.4.1/bin/../lib/gcc/arm-none-eabi/5.4.1/../../../../arm-none-eabi/lib/armv6-m\libg_nano.a(lib_a-reent.o)
 .ARM.attributes
                0x00000753       0x2c c:/program files (x86)/cypress/psoc creator/4.1/psoc creator/import/gnu/arm/5.4.1/bin/../lib/gcc/arm-none-eabi/5.4.1/armv6-m/crtend.o
 .ARM.attributes
                0x0000077f       0x1e c:/program files (x86)/cypress/psoc creator/4.1/psoc creator/import/gnu/arm/5.4.1/bin/../lib/gcc/arm-none-eabi/5.4.1/armv6-m/crtn.o

/DISCARD/
 *(.note.GNU-stack)
OUTPUT(\\VBOXSVR\raywang\Dropbox (MIT)\CTFs\eCTF\ectf-2018-techsec\CARD.cydsn\CortexM0\ARM_GCC_541\Debug\CARD.elf elf32-littlearm)
